Archive member included to satisfy reference by file (symbol)

c:/st/stm32cubeide_1.4.0/stm32cubeide/plugins/com.st.stm32cube.ide.mcu.externaltools.gnu-tools-for-stm32.7-2018-q2-update.win32_1.4.0.202007081208/tools/bin/../lib/gcc/arm-none-eabi/7.3.1/../../../../arm-none-eabi/lib/thumb/v7-m\libc_nano.a(lib_a-exit.o)
                              c:/st/stm32cubeide_1.4.0/stm32cubeide/plugins/com.st.stm32cube.ide.mcu.externaltools.gnu-tools-for-stm32.7-2018-q2-update.win32_1.4.0.202007081208/tools/bin/../lib/gcc/arm-none-eabi/7.3.1/../../../../arm-none-eabi/lib/thumb/v7-m/crt0.o (exit)
c:/st/stm32cubeide_1.4.0/stm32cubeide/plugins/com.st.stm32cube.ide.mcu.externaltools.gnu-tools-for-stm32.7-2018-q2-update.win32_1.4.0.202007081208/tools/bin/../lib/gcc/arm-none-eabi/7.3.1/../../../../arm-none-eabi/lib/thumb/v7-m\libc_nano.a(lib_a-impure.o)
                              c:/st/stm32cubeide_1.4.0/stm32cubeide/plugins/com.st.stm32cube.ide.mcu.externaltools.gnu-tools-for-stm32.7-2018-q2-update.win32_1.4.0.202007081208/tools/bin/../lib/gcc/arm-none-eabi/7.3.1/../../../../arm-none-eabi/lib/thumb/v7-m\libc_nano.a(lib_a-exit.o) (_global_impure_ptr)
c:/st/stm32cubeide_1.4.0/stm32cubeide/plugins/com.st.stm32cube.ide.mcu.externaltools.gnu-tools-for-stm32.7-2018-q2-update.win32_1.4.0.202007081208/tools/bin/../lib/gcc/arm-none-eabi/7.3.1/../../../../arm-none-eabi/lib/thumb/v7-m\libc_nano.a(lib_a-init.o)
                              c:/st/stm32cubeide_1.4.0/stm32cubeide/plugins/com.st.stm32cube.ide.mcu.externaltools.gnu-tools-for-stm32.7-2018-q2-update.win32_1.4.0.202007081208/tools/bin/../lib/gcc/arm-none-eabi/7.3.1/../../../../arm-none-eabi/lib/thumb/v7-m/crt0.o (__libc_init_array)
c:/st/stm32cubeide_1.4.0/stm32cubeide/plugins/com.st.stm32cube.ide.mcu.externaltools.gnu-tools-for-stm32.7-2018-q2-update.win32_1.4.0.202007081208/tools/bin/../lib/gcc/arm-none-eabi/7.3.1/../../../../arm-none-eabi/lib/thumb/v7-m\libc_nano.a(lib_a-memcpy-stub.o)
                              Middlewares/Third_Party/FreeRTOS/Source/queue.o (memcpy)
c:/st/stm32cubeide_1.4.0/stm32cubeide/plugins/com.st.stm32cube.ide.mcu.externaltools.gnu-tools-for-stm32.7-2018-q2-update.win32_1.4.0.202007081208/tools/bin/../lib/gcc/arm-none-eabi/7.3.1/../../../../arm-none-eabi/lib/thumb/v7-m\libc_nano.a(lib_a-memset.o)
                              c:/st/stm32cubeide_1.4.0/stm32cubeide/plugins/com.st.stm32cube.ide.mcu.externaltools.gnu-tools-for-stm32.7-2018-q2-update.win32_1.4.0.202007081208/tools/bin/../lib/gcc/arm-none-eabi/7.3.1/../../../../arm-none-eabi/lib/thumb/v7-m/crt0.o (memset)
c:/st/stm32cubeide_1.4.0/stm32cubeide/plugins/com.st.stm32cube.ide.mcu.externaltools.gnu-tools-for-stm32.7-2018-q2-update.win32_1.4.0.202007081208/tools/bin/../lib/gcc/arm-none-eabi/7.3.1/../../../../arm-none-eabi/lib/thumb/v7-m\libnosys.a(_exit.o)
                              c:/st/stm32cubeide_1.4.0/stm32cubeide/plugins/com.st.stm32cube.ide.mcu.externaltools.gnu-tools-for-stm32.7-2018-q2-update.win32_1.4.0.202007081208/tools/bin/../lib/gcc/arm-none-eabi/7.3.1/../../../../arm-none-eabi/lib/thumb/v7-m\libc_nano.a(lib_a-exit.o) (_exit)

Allocating common symbols
Common symbol       size              file

htim4               0x40              Src/stm32f1xx_hal_timebase_TIM.o
valor_ADC           0x8               Src/main.o
uwTick              0x4               Drivers/STM32F1xx_HAL_Driver/Src/stm32f1xx_hal.o
xQueueRegistry      0x40              Middlewares/Third_Party/FreeRTOS/Source/queue.o
pFlash              0x20              Drivers/STM32F1xx_HAL_Driver/Src/stm32f1xx_hal_flash.o
hadc1               0x30              Src/main.o
hdma_adc1           0x44              Src/main.o
lfsr                0x4               Src/main.o
ADC_buffer          0x8               Src/main.o

Discarded input sections

 .text          0x0000000000000000        0x0 c:/st/stm32cubeide_1.4.0/stm32cubeide/plugins/com.st.stm32cube.ide.mcu.externaltools.gnu-tools-for-stm32.7-2018-q2-update.win32_1.4.0.202007081208/tools/bin/../lib/gcc/arm-none-eabi/7.3.1/thumb/v7-m/crti.o
 .data          0x0000000000000000        0x0 c:/st/stm32cubeide_1.4.0/stm32cubeide/plugins/com.st.stm32cube.ide.mcu.externaltools.gnu-tools-for-stm32.7-2018-q2-update.win32_1.4.0.202007081208/tools/bin/../lib/gcc/arm-none-eabi/7.3.1/thumb/v7-m/crti.o
 .bss           0x0000000000000000        0x0 c:/st/stm32cubeide_1.4.0/stm32cubeide/plugins/com.st.stm32cube.ide.mcu.externaltools.gnu-tools-for-stm32.7-2018-q2-update.win32_1.4.0.202007081208/tools/bin/../lib/gcc/arm-none-eabi/7.3.1/thumb/v7-m/crti.o
 .data          0x0000000000000000        0x4 c:/st/stm32cubeide_1.4.0/stm32cubeide/plugins/com.st.stm32cube.ide.mcu.externaltools.gnu-tools-for-stm32.7-2018-q2-update.win32_1.4.0.202007081208/tools/bin/../lib/gcc/arm-none-eabi/7.3.1/thumb/v7-m/crtbegin.o
[...]
Memory Configuration

Name             Origin             Length             Attributes
RAM              0x0000000020000000 0x0000000000005000 xrw
FLASH            0x0000000008000000 0x0000000000010000 xr
*default*        0x0000000000000000 0xffffffffffffffff

Linker script and memory map

LOAD c:/st/stm32cubeide_1.4.0/stm32cubeide/plugins/com.st.stm32cube.ide.mcu.externaltools.gnu-tools-for-stm32.7-2018-q2-update.win32_1.4.0.202007081208/tools/bin/../lib/gcc/arm-none-eabi/7.3.1/thumb/v7-m/crti.o
LOAD c:/st/stm32cubeide_1.4.0/stm32cubeide/plugins/com.st.stm32cube.ide.mcu.externaltools.gnu-tools-for-stm32.7-2018-q2-update.win32_1.4.0.202007081208/tools/bin/../lib/gcc/arm-none-eabi/7.3.1/thumb/v7-m/crtbegin.o
LOAD c:/st/stm32cubeide_1.4.0/stm32cubeide/plugins/com.st.stm32cube.ide.mcu.externaltools.gnu-tools-for-stm32.7-2018-q2-update.win32_1.4.0.202007081208/tools/bin/../lib/gcc/arm-none-eabi/7.3.1/../../../../arm-none-eabi/lib/thumb/v7-m/crt0.o
LOAD Drivers/STM32F1xx_HAL_Driver/Src/stm32f1xx_hal.o
LOAD Drivers/STM32F1xx_HAL_Driver/Src/stm32f1xx_hal_adc.o
LOAD Drivers/STM32F1xx_HAL_Driver/Src/stm32f1xx_hal_adc_ex.o
LOAD Drivers/STM32F1xx_HAL_Driver/Src/stm32f1xx_hal_cortex.o
LOAD Drivers/STM32F1xx_HAL_Driver/Src/stm32f1xx_hal_dma.o
LOAD Drivers/STM32F1xx_HAL_Driver/Src/stm32f1xx_hal_flash.o
LOAD Drivers/STM32F1xx_HAL_Driver/Src/stm32f1xx_hal_flash_ex.o
LOAD Drivers/STM32F1xx_HAL_Driver/Src/stm32f1xx_hal_gpio.o
LOAD Drivers/STM32F1xx_HAL_Driver/Src/stm32f1xx_hal_gpio_ex.o
LOAD Drivers/STM32F1xx_HAL_Driver/Src/stm32f1xx_hal_pwr.o
LOAD Drivers/STM32F1xx_HAL_Driver/Src/stm32f1xx_hal_rcc.o
LOAD Drivers/STM32F1xx_HAL_Driver/Src/stm32f1xx_hal_rcc_ex.o
LOAD Drivers/STM32F1xx_HAL_Driver/Src/stm32f1xx_hal_tim.o
LOAD Drivers/STM32F1xx_HAL_Driver/Src/stm32f1xx_hal_tim_ex.o
LOAD Middlewares/Third_Party/FreeRTOS/Source/CMSIS_RTOS/cmsis_os.o
LOAD Middlewares/Third_Party/FreeRTOS/Source/croutine.o
LOAD Middlewares/Third_Party/FreeRTOS/Source/event_groups.o
LOAD Middlewares/Third_Party/FreeRTOS/Source/list.o
LOAD Middlewares/Third_Party/FreeRTOS/Source/queue.o
LOAD Middlewares/Third_Party/FreeRTOS/Source/tasks.o
LOAD Middlewares/Third_Party/FreeRTOS/Source/timers.o
LOAD Middlewares/Third_Party/FreeRTOS/Source/portable/GCC/ARM_CM3/port.o
LOAD Middlewares/Third_Party/FreeRTOS/Source/portable/MemMang/heap_4.o
LOAD Src/NOKIA5110_fb.o
LOAD Src/atraso.o
LOAD Src/freertos.o
LOAD Src/main.o
LOAD Src/stm32f1xx_hal_msp.o
LOAD Src/stm32f1xx_hal_timebase_TIM.o
LOAD Src/stm32f1xx_it.o
LOAD Src/system_stm32f1xx.o
LOAD startup/startup_stm32f103xb.o
START GROUP
LOAD c:/st/stm32cubeide_1.4.0/stm32cubeide/plugins/com.st.stm32cube.ide.mcu.externaltools.gnu-tools-for-stm32.7-2018-q2-update.win32_1.4.0.202007081208/tools/bin/../lib/gcc/arm-none-eabi/7.3.1/../../../../arm-none-eabi/lib/thumb/v7-m\libc_nano.a
LOAD c:/st/stm32cubeide_1.4.0/stm32cubeide/plugins/com.st.stm32cube.ide.mcu.externaltools.gnu-tools-for-stm32.7-2018-q2-update.win32_1.4.0.202007081208/tools/bin/../lib/gcc/arm-none-eabi/7.3.1/../../../../arm-none-eabi/lib/thumb/v7-m\libm.a
END GROUP
START GROUP
LOAD c:/st/stm32cubeide_1.4.0/stm32cubeide/plugins/com.st.stm32cube.ide.mcu.externaltools.gnu-tools-for-stm32.7-2018-q2-update.win32_1.4.0.202007081208/tools/bin/../lib/gcc/arm-none-eabi/7.3.1/thumb/v7-m\libgcc.a
LOAD c:/st/stm32cubeide_1.4.0/stm32cubeide/plugins/com.st.stm32cube.ide.mcu.externaltools.gnu-tools-for-stm32.7-2018-q2-update.win32_1.4.0.202007081208/tools/bin/../lib/gcc/arm-none-eabi/7.3.1/../../../../arm-none-eabi/lib/thumb/v7-m\libc_nano.a
END GROUP
START GROUP
LOAD c:/st/stm32cubeide_1.4.0/stm32cubeide/plugins/com.st.stm32cube.ide.mcu.externaltools.gnu-tools-for-stm32.7-2018-q2-update.win32_1.4.0.202007081208/tools/bin/../lib/gcc/arm-none-eabi/7.3.1/thumb/v7-m\libgcc.a
LOAD c:/st/stm32cubeide_1.4.0/stm32cubeide/plugins/com.st.stm32cube.ide.mcu.externaltools.gnu-tools-for-stm32.7-2018-q2-update.win32_1.4.0.202007081208/tools/bin/../lib/gcc/arm-none-eabi/7.3.1/../../../../arm-none-eabi/lib/thumb/v7-m\libc_nano.a
LOAD c:/st/stm32cubeide_1.4.0/stm32cubeide/plugins/com.st.stm32cube.ide.mcu.externaltools.gnu-tools-for-stm32.7-2018-q2-update.win32_1.4.0.202007081208/tools/bin/../lib/gcc/arm-none-eabi/7.3.1/../../../../arm-none-eabi/lib/thumb/v7-m\libnosys.a
END GROUP
START GROUP
LOAD c:/st/stm32cubeide_1.4.0/stm32cubeide/plugins/com.st.stm32cube.ide.mcu.externaltools.gnu-tools-for-stm32.7-2018-q2-update.win32_1.4.0.202007081208/tools/bin/../lib/gcc/arm-none-eabi/7.3.1/thumb/v7-m\libgcc.a
LOAD c:/st/stm32cubeide_1.4.0/stm32cubeide/plugins/com.st.stm32cube.ide.mcu.externaltools.gnu-tools-for-stm32.7-2018-q2-update.win32_1.4.0.202007081208/tools/bin/../lib/gcc/arm-none-eabi/7.3.1/../../../../arm-none-eabi/lib/thumb/v7-m\libc_nano.a
LOAD c:/st/stm32cubeide_1.4.0/stm32cubeide/plugins/com.st.stm32cube.ide.mcu.externaltools.gnu-tools-for-stm32.7-2018-q2-update.win32_1.4.0.202007081208/tools/bin/../lib/gcc/arm-none-eabi/7.3.1/../../../../arm-none-eabi/lib/thumb/v7-m\libnosys.a
END GROUP
LOAD c:/st/stm32cubeide_1.4.0/stm32cubeide/plugins/com.st.stm32cube.ide.mcu.externaltools.gnu-tools-for-stm32.7-2018-q2-update.win32_1.4.0.202007081208/tools/bin/../lib/gcc/arm-none-eabi/7.3.1/thumb/v7-m/crtend.o
LOAD c:/st/stm32cubeide_1.4.0/stm32cubeide/plugins/com.st.stm32cube.ide.mcu.externaltools.gnu-tools-for-stm32.7-2018-q2-update.win32_1.4.0.202007081208/tools/bin/../lib/gcc/arm-none-eabi/7.3.1/thumb/v7-m/crtn.o
                0x0000000020005000                _estack = 0x20005000
                0x0000000000000200                _Min_Heap_Size = 0x200
                0x0000000000000400                _Min_Stack_Size = 0x400

.isr_vector     0x0000000008000000      0x10c
                0x0000000008000000                . = ALIGN (0x4)
 *(.isr_vector)
 .isr_vector    0x0000000008000000      0x10c startup/startup_stm32f103xb.o
                0x0000000008000000                g_pfnVectors
                0x000000000800010c                . = ALIGN (0x4)

.text           0x0000000008000110     0x2958
                0x0000000008000110                . = ALIGN (0x4)
 *(.text)
 .text          0x0000000008000110       0x40 c:/st/stm32cubeide_1.4.0/stm32cubeide/plugins/com.st.stm32cube.ide.mcu.externaltools.gnu-tools-for-stm32.7-2018-q2-update.win32_1.4.0.202007081208/tools/bin/../lib/gcc/arm-none-eabi/7.3.1/thumb/v7-m/crtbegin.o
 *(.text*)
 .text.HAL_Init
                0x0000000008000150       0x24 Drivers/STM32F1xx_HAL_Driver/Src/stm32f1xx_hal.o
                0x0000000008000150                HAL_Init
 .text.HAL_IncTick
                0x0000000008000174       0x18 Drivers/STM32F1xx_HAL_Driver/Src/stm32f1xx_hal.o
                0x0000000008000174                HAL_IncTick
 .text.HAL_GetTick
                0x000000000800018c        0xc Drivers/STM32F1xx_HAL_Driver/Src/stm32f1xx_hal.o
                0x000000000800018c                HAL_GetTick
 .text.HAL_Delay
                0x0000000008000198       0x24 Drivers/STM32F1xx_HAL_Driver/Src/stm32f1xx_hal.o
                0x0000000008000198                HAL_Delay
 .text.ADC_DMAConvCplt
                0x00000000080001bc       0x4e Drivers/STM32F1xx_HAL_Driver/Src/stm32f1xx_hal_adc.o
                0x00000000080001bc                ADC_DMAConvCplt
 .text.HAL_ADC_ConvHalfCpltCallback
                0x000000000800020a        0x2 Drivers/STM32F1xx_HAL_Driver/Src/stm32f1xx_hal_adc.o
                0x000000000800020a                HAL_ADC_ConvHalfCpltCallback
 .text.ADC_DMAHalfConvCplt
                0x000000000800020c        0xa Drivers/STM32F1xx_HAL_Driver/Src/stm32f1xx_hal_adc.o
                0x000000000800020c                ADC_DMAHalfConvCplt
 .text.HAL_ADC_LevelOutOfWindowCallback
                0x0000000008000216        0x2 Drivers/STM32F1xx_HAL_Driver/Src/stm32f1xx_hal_adc.o
                0x0000000008000216                HAL_ADC_LevelOutOfWindowCallback
 .text.HAL_ADC_IRQHandler
                0x0000000008000218       0xec Drivers/STM32F1xx_HAL_Driver/Src/stm32f1xx_hal_adc.o
                0x0000000008000218                HAL_ADC_IRQHandler
 .text.HAL_ADC_ErrorCallback
                0x0000000008000304        0x2 Drivers/STM32F1xx_HAL_Driver/Src/stm32f1xx_hal_adc.o
                0x0000000008000304                HAL_ADC_ErrorCallback
 .text.ADC_DMAError
                0x0000000008000306       0x1a Drivers/STM32F1xx_HAL_Driver/Src/stm32f1xx_hal_adc.o
                0x0000000008000306                ADC_DMAError
 .text.HAL_ADC_ConfigChannel
                0x0000000008000320       0xfc Drivers/STM32F1xx_HAL_Driver/Src/stm32f1xx_hal_adc.o
                0x0000000008000320                HAL_ADC_ConfigChannel
 .text.ADC_Enable
                0x000000000800041c       0x70 Drivers/STM32F1xx_HAL_Driver/Src/stm32f1xx_hal_adc.o
                0x000000000800041c                ADC_Enable
 .text.HAL_ADC_Start_IT
                0x000000000800048c       0xcc Drivers/STM32F1xx_HAL_Driver/Src/stm32f1xx_hal_adc.o
                0x000000000800048c                HAL_ADC_Start_IT
 .text.HAL_ADC_Start_DMA
                0x0000000008000558      0x11c Drivers/STM32F1xx_HAL_Driver/Src/stm32f1xx_hal_adc.o
                0x0000000008000558                HAL_ADC_Start_DMA
 .text.ADC_ConversionStop_Disable
                0x0000000008000674       0x44 Drivers/STM32F1xx_HAL_Driver/Src/stm32f1xx_hal_adc.o
                0x0000000008000674                ADC_ConversionStop_Disable
 .text.HAL_ADC_Init
                0x00000000080006b8      0x100 Drivers/STM32F1xx_HAL_Driver/Src/stm32f1xx_hal_adc.o
                0x00000000080006b8                HAL_ADC_Init
 .text.HAL_ADCEx_InjectedConvCpltCallback
                0x00000000080007b8        0x2 Drivers/STM32F1xx_HAL_Driver/Src/stm32f1xx_hal_adc_ex.o
                0x00000000080007b8                HAL_ADCEx_InjectedConvCpltCallback
 *fill*         0x00000000080007ba        0x2 
 .text.HAL_NVIC_SetPriorityGrouping
                0x00000000080007bc       0x24 Drivers/STM32F1xx_HAL_Driver/Src/stm32f1xx_hal_cortex.o
                0x00000000080007bc                HAL_NVIC_SetPriorityGrouping
 .text.HAL_NVIC_SetPriority
                0x00000000080007e0       0x68 Drivers/STM32F1xx_HAL_Driver/Src/stm32f1xx_hal_cortex.o
                0x00000000080007e0                HAL_NVIC_SetPriority
 .text.HAL_NVIC_EnableIRQ
                0x0000000008000848       0x18 Drivers/STM32F1xx_HAL_Driver/Src/stm32f1xx_hal_cortex.o
                0x0000000008000848                HAL_NVIC_EnableIRQ
 .text.HAL_SYSTICK_Config
                0x0000000008000860       0x2c Drivers/STM32F1xx_HAL_Driver/Src/stm32f1xx_hal_cortex.o
                0x0000000008000860                HAL_SYSTICK_Config
 .text.HAL_SYSTICK_CLKSourceConfig
                0x000000000800088c       0x18 Drivers/STM32F1xx_HAL_Driver/Src/stm32f1xx_hal_cortex.o
                0x000000000800088c                HAL_SYSTICK_CLKSourceConfig
 .text.HAL_DMA_Init
                0x00000000080008a4       0x68 Drivers/STM32F1xx_HAL_Driver/Src/stm32f1xx_hal_dma.o
                0x00000000080008a4                HAL_DMA_Init
 .text.HAL_DMA_Start_IT
                0x000000000800090c       0x7a Drivers/STM32F1xx_HAL_Driver/Src/stm32f1xx_hal_dma.o
                0x000000000800090c                HAL_DMA_Start_IT
 *fill*         0x0000000008000986        0x2 
 .text.HAL_DMA_IRQHandler
                0x0000000008000988      0x128 Drivers/STM32F1xx_HAL_Driver/Src/stm32f1xx_hal_dma.o
                0x0000000008000988                HAL_DMA_IRQHandler
 .text.HAL_GPIO_Init
                0x0000000008000ab0      0x1c0 Drivers/STM32F1xx_HAL_Driver/Src/stm32f1xx_hal_gpio.o
                0x0000000008000ab0                HAL_GPIO_Init
 .text.HAL_GPIO_WritePin
                0x0000000008000c70        0xa Drivers/STM32F1xx_HAL_Driver/Src/stm32f1xx_hal_gpio.o
                0x0000000008000c70                HAL_GPIO_WritePin
 *fill*         0x0000000008000c7a        0x2 
 .text.HAL_RCC_OscConfig
                0x0000000008000c7c      0x318 Drivers/STM32F1xx_HAL_Driver/Src/stm32f1xx_hal_rcc.o
                0x0000000008000c7c                HAL_RCC_OscConfig
 .text.HAL_RCC_GetSysClockFreq
                0x0000000008000f94       0x74 Drivers/STM32F1xx_HAL_Driver/Src/stm32f1xx_hal_rcc.o
                0x0000000008000f94                HAL_RCC_GetSysClockFreq
 .text.HAL_RCC_ClockConfig
                0x0000000008001008      0x144 Drivers/STM32F1xx_HAL_Driver/Src/stm32f1xx_hal_rcc.o
                0x0000000008001008                HAL_RCC_ClockConfig
 .text.HAL_RCC_GetHCLKFreq
                0x000000000800114c        0xc Drivers/STM32F1xx_HAL_Driver/Src/stm32f1xx_hal_rcc.o
                0x000000000800114c                HAL_RCC_GetHCLKFreq
 .text.HAL_RCC_GetPCLK1Freq
                0x0000000008001158       0x20 Drivers/STM32F1xx_HAL_Driver/Src/stm32f1xx_hal_rcc.o
                0x0000000008001158                HAL_RCC_GetPCLK1Freq
 .text.HAL_RCC_GetClockConfig
                0x0000000008001178       0x3c Drivers/STM32F1xx_HAL_Driver/Src/stm32f1xx_hal_rcc.o
                0x0000000008001178                HAL_RCC_GetClockConfig
 .text.HAL_RCCEx_PeriphCLKConfig
                0x00000000080011b4       0xf0 Drivers/STM32F1xx_HAL_Driver/Src/stm32f1xx_hal_rcc_ex.o
                0x00000000080011b4                HAL_RCCEx_PeriphCLKConfig
 .text.HAL_TIM_Base_MspInit
                0x00000000080012a4        0x2 Drivers/STM32F1xx_HAL_Driver/Src/stm32f1xx_hal_tim.o
                0x00000000080012a4                HAL_TIM_Base_MspInit
 .text.HAL_TIM_Base_Start_IT
                0x00000000080012a6       0x16 Drivers/STM32F1xx_HAL_Driver/Src/stm32f1xx_hal_tim.o
                0x00000000080012a6                HAL_TIM_Base_Start_IT
 .text.HAL_TIM_OC_DelayElapsedCallback
                0x00000000080012bc        0x2 Drivers/STM32F1xx_HAL_Driver/Src/stm32f1xx_hal_tim.o
                0x00000000080012bc                HAL_TIM_OC_DelayElapsedCallback
 .text.HAL_TIM_IC_CaptureCallback
                0x00000000080012be        0x2 Drivers/STM32F1xx_HAL_Driver/Src/stm32f1xx_hal_tim.o
                0x00000000080012be                HAL_TIM_IC_CaptureCallback
 .text.HAL_TIM_PWM_PulseFinishedCallback
                0x00000000080012c0        0x2 Drivers/STM32F1xx_HAL_Driver/Src/stm32f1xx_hal_tim.o
                0x00000000080012c0                HAL_TIM_PWM_PulseFinishedCallback
 .text.HAL_TIM_TriggerCallback
                0x00000000080012c2        0x2 Drivers/STM32F1xx_HAL_Driver/Src/stm32f1xx_hal_tim.o
                0x00000000080012c2                HAL_TIM_TriggerCallback
 .text.HAL_TIM_IRQHandler
                0x00000000080012c4      0x144 Drivers/STM32F1xx_HAL_Driver/Src/stm32f1xx_hal_tim.o
                0x00000000080012c4                HAL_TIM_IRQHandler
 .text.TIM_Base_SetConfig
                0x0000000008001408       0x70 Drivers/STM32F1xx_HAL_Driver/Src/stm32f1xx_hal_tim.o
                0x0000000008001408                TIM_Base_SetConfig
 .text.HAL_TIM_Base_Init
                0x0000000008001478       0x34 Drivers/STM32F1xx_HAL_Driver/Src/stm32f1xx_hal_tim.o
                0x0000000008001478                HAL_TIM_Base_Init
 .text.HAL_TIMEx_CommutationCallback
                0x00000000080014ac        0x2 Drivers/STM32F1xx_HAL_Driver/Src/stm32f1xx_hal_tim_ex.o
                0x00000000080014ac                HAL_TIMEx_CommutationCallback
 .text.HAL_TIMEx_BreakCallback
                0x00000000080014ae        0x2 Drivers/STM32F1xx_HAL_Driver/Src/stm32f1xx_hal_tim_ex.o
                0x00000000080014ae                HAL_TIMEx_BreakCallback
 .text.osSystickHandler
                0x00000000080014b0       0x14 Middlewares/Third_Party/FreeRTOS/Source/CMSIS_RTOS/cmsis_os.o
                0x00000000080014b0                osSystickHandler
 .text.vListInitialise
                0x00000000080014c4       0x16 Middlewares/Third_Party/FreeRTOS/Source/list.o
                0x00000000080014c4                vListInitialise
 .text.vListInitialiseItem
                0x00000000080014da        0x6 Middlewares/Third_Party/FreeRTOS/Source/list.o
                0x00000000080014da                vListInitialiseItem
 .text.vListInsertEnd
                0x00000000080014e0       0x18 Middlewares/Third_Party/FreeRTOS/Source/list.o
                0x00000000080014e0                vListInsertEnd
 .text.vListInsert
                0x00000000080014f8       0x2e Middlewares/Third_Party/FreeRTOS/Source/list.o
                0x00000000080014f8                vListInsert
 .text.uxListRemove
                0x0000000008001526       0x20 Middlewares/Third_Party/FreeRTOS/Source/list.o
                0x0000000008001526                uxListRemove
 *fill*         0x0000000008001546        0x2 
 .text.prvResetNextTaskUnblockTime
                0x0000000008001548       0x24 Middlewares/Third_Party/FreeRTOS/Source/tasks.o
 .text.prvAddCurrentTaskToDelayedList
                0x000000000800156c       0x8c Middlewares/Third_Party/FreeRTOS/Source/tasks.o
 .text.xTaskCreate
                0x00000000080015f8      0x1a0 Middlewares/Third_Party/FreeRTOS/Source/tasks.o
                0x00000000080015f8                xTaskCreate
 .text.vTaskStartScheduler
                0x0000000008001798       0x78 Middlewares/Third_Party/FreeRTOS/Source/tasks.o
                0x0000000008001798                vTaskStartScheduler
 .text.vTaskSuspendAll
                0x0000000008001810       0x10 Middlewares/Third_Party/FreeRTOS/Source/tasks.o
                0x0000000008001810                vTaskSuspendAll
 .text.xTaskIncrementTick
                0x0000000008001820      0x124 Middlewares/Third_Party/FreeRTOS/Source/tasks.o
                0x0000000008001820                xTaskIncrementTick
 .text.xTaskResumeAll
                0x0000000008001944       0xec Middlewares/Third_Party/FreeRTOS/Source/tasks.o
                0x0000000008001944                xTaskResumeAll
 .text.vTaskDelay
                0x0000000008001a30       0x48 Middlewares/Third_Party/FreeRTOS/Source/tasks.o
                0x0000000008001a30                vTaskDelay
 .text.prvIdleTask
                0x0000000008001a78       0x74 Middlewares/Third_Party/FreeRTOS/Source/tasks.o
 .text.vTaskSwitchContext
                0x0000000008001aec       0x74 Middlewares/Third_Party/FreeRTOS/Source/tasks.o
                0x0000000008001aec                vTaskSwitchContext
 .text.xTaskGetSchedulerState
                0x0000000008001b60       0x20 Middlewares/Third_Party/FreeRTOS/Source/tasks.o
                0x0000000008001b60                xTaskGetSchedulerState
 .text.prvTaskExitError
                0x0000000008001b80       0x30 Middlewares/Third_Party/FreeRTOS/Source/portable/GCC/ARM_CM3/port.o
 .text.prvPortStartFirstTask
                0x0000000008001bb0       0x20 Middlewares/Third_Party/FreeRTOS/Source/portable/GCC/ARM_CM3/port.o
 .text.pxPortInitialiseStack
                0x0000000008001bd0       0x24 Middlewares/Third_Party/FreeRTOS/Source/portable/GCC/ARM_CM3/port.o
                0x0000000008001bd0                pxPortInitialiseStack
 *fill*         0x0000000008001bf4        0xc 
 .text.SVC_Handler
                0x0000000008001c00       0x24 Middlewares/Third_Party/FreeRTOS/Source/portable/GCC/ARM_CM3/port.o
                0x0000000008001c00                SVC_Handler
 .text.vPortEnterCritical
                0x0000000008001c24       0x44 Middlewares/Third_Party/FreeRTOS/Source/portable/GCC/ARM_CM3/port.o
                0x0000000008001c24                vPortEnterCritical
 .text.vPortExitCritical
                0x0000000008001c68       0x28 Middlewares/Third_Party/FreeRTOS/Source/portable/GCC/ARM_CM3/port.o
                0x0000000008001c68                vPortExitCritical
 .text.PendSV_Handler
                0x0000000008001c90       0x44 Middlewares/Third_Party/FreeRTOS/Source/portable/GCC/ARM_CM3/port.o
                0x0000000008001c90                PendSV_Handler
 .text.xPortSysTickHandler
                0x0000000008001cd4       0x2c Middlewares/Third_Party/FreeRTOS/Source/portable/GCC/ARM_CM3/port.o
                0x0000000008001cd4                xPortSysTickHandler
 .text.vPortSetupTimerInterrupt
                0x0000000008001d00       0x28 Middlewares/Third_Party/FreeRTOS/Source/portable/GCC/ARM_CM3/port.o
                0x0000000008001d00                vPortSetupTimerInterrupt
 .text.xPortStartScheduler
                0x0000000008001d28       0x94 Middlewares/Third_Party/FreeRTOS/Source/portable/GCC/ARM_CM3/port.o
                0x0000000008001d28                xPortStartScheduler
 .text.unlikely.prvInsertBlockIntoFreeList
                0x0000000008001dbc       0x48 Middlewares/Third_Party/FreeRTOS/Source/portable/MemMang/heap_4.o
 .text.pvPortMalloc
                0x0000000008001e04      0x118 Middlewares/Third_Party/FreeRTOS/Source/portable/MemMang/heap_4.o
                0x0000000008001e04                pvPortMalloc
 .text.vPortFree
                0x0000000008001f1c       0x70 Middlewares/Third_Party/FreeRTOS/Source/portable/MemMang/heap_4.o
                0x0000000008001f1c                vPortFree
 .text.cmd_LCD  0x0000000008001f8c       0x68 Src/NOKIA5110_fb.o
                0x0000000008001f8c                cmd_LCD
 .text.data_LCD
                0x0000000008001ff4       0x68 Src/NOKIA5110_fb.o
                0x0000000008001ff4                data_LCD
 .text.inic_LCD
                0x000000000800205c       0x4c Src/NOKIA5110_fb.o
                0x000000000800205c                inic_LCD
 .text.goto_XY  0x00000000080020a8       0x1c Src/NOKIA5110_fb.o
                0x00000000080020a8                goto_XY
 .text.escreve2fb
                0x00000000080020c4       0x18 Src/NOKIA5110_fb.o
                0x00000000080020c4                escreve2fb
 .text.imprime_LCD
                0x00000000080020dc       0x1c Src/NOKIA5110_fb.o
                0x00000000080020dc                imprime_LCD
 .text.caractere_LCD
                0x00000000080020f8       0x3c Src/NOKIA5110_fb.o
                0x00000000080020f8                caractere_LCD
 .text.string_LCD
                0x0000000008002134       0x12 Src/NOKIA5110_fb.o
                0x0000000008002134                string_LCD
 *fill*         0x0000000008002146        0x2 
 .text.limpa_LCD
                0x0000000008002148       0x18 Src/NOKIA5110_fb.o
                0x0000000008002148                limpa_LCD
 .text.desenha_pixel
                0x0000000008002160       0x38 Src/NOKIA5110_fb.o
                0x0000000008002160                desenha_pixel
 .text.desenha_linha
                0x0000000008002198       0xf8 Src/NOKIA5110_fb.o
                0x0000000008002198                desenha_linha
 .text.desenha_circulo
                0x0000000008002290      0x150 Src/NOKIA5110_fb.o
                0x0000000008002290                desenha_circulo
 .text.desenha_retangulo
                0x00000000080023e0       0x74 Src/NOKIA5110_fb.o
                0x00000000080023e0                desenha_retangulo
 .text.desenha_triangulo
                0x0000000008002454       0x42 Src/NOKIA5110_fb.o
                0x0000000008002454                desenha_triangulo
 .text.print_food
                0x0000000008002496        0x8 Src/NOKIA5110_fb.o
                0x0000000008002496                print_food
 .text.print_AI
                0x000000000800249e       0x1c Src/NOKIA5110_fb.o
                0x000000000800249e                print_AI
 .text.print_monster
                0x00000000080024ba       0x22 Src/NOKIA5110_fb.o
                0x00000000080024ba                print_monster
 .text.atraso_us
                0x00000000080024dc       0x12 Src/atraso.o
                0x00000000080024dc                atraso_us
 .text.vTask_LCD_Print
                0x00000000080024ee        0x8 Src/main.o
                0x00000000080024ee                vTask_LCD_Print
 *fill*         0x00000000080024f6        0x2 
 .text.prng_LFSR
                0x00000000080024f8       0x24 Src/main.o
                0x00000000080024f8                prng_LFSR
 .text.vTask_Nr_Print
                0x000000000800251c       0x28 Src/main.o
                0x000000000800251c                vTask_Nr_Print
 .text.HAL_ADC_ConvCpltCallback
                0x0000000008002544       0x24 Src/main.o
                0x0000000008002544                HAL_ADC_ConvCpltCallback
 .text.SystemClock_Config
                0x0000000008002568       0x80 Src/main.o
                0x0000000008002568                SystemClock_Config
 .text.startup.main
                0x00000000080025e8      0x1a4 Src/main.o
                0x00000000080025e8                main
 .text.HAL_TIM_PeriodElapsedCallback
                0x000000000800278c       0x14 Src/main.o
                0x000000000800278c                HAL_TIM_PeriodElapsedCallback
 .text._Error_Handler
                0x00000000080027a0        0x2 Src/main.o
                0x00000000080027a0                _Error_Handler
 *fill*         0x00000000080027a2        0x2 
 .text.HAL_MspInit
                0x00000000080027a4       0x8c Src/stm32f1xx_hal_msp.o
                0x00000000080027a4                HAL_MspInit
 .text.HAL_ADC_MspInit
                0x0000000008002830       0x94 Src/stm32f1xx_hal_msp.o
                0x0000000008002830                HAL_ADC_MspInit
 .text.HAL_InitTick
                0x00000000080028c4       0x78 Src/stm32f1xx_hal_timebase_TIM.o
                0x00000000080028c4                HAL_InitTick
 .text.NMI_Handler
                0x000000000800293c        0x2 Src/stm32f1xx_it.o
                0x000000000800293c                NMI_Handler
 .text.HardFault_Handler
                0x000000000800293e        0x2 Src/stm32f1xx_it.o
                0x000000000800293e                HardFault_Handler
 .text.MemManage_Handler
                0x0000000008002940        0x2 Src/stm32f1xx_it.o
                0x0000000008002940                MemManage_Handler
 .text.BusFault_Handler
                0x0000000008002942        0x2 Src/stm32f1xx_it.o
                0x0000000008002942                BusFault_Handler
 .text.UsageFault_Handler
                0x0000000008002944        0x2 Src/stm32f1xx_it.o
                0x0000000008002944                UsageFault_Handler
 .text.DebugMon_Handler
                0x0000000008002946        0x2 Src/stm32f1xx_it.o
                0x0000000008002946                DebugMon_Handler
 .text.SysTick_Handler
                0x0000000008002948        0x4 Src/stm32f1xx_it.o
                0x0000000008002948                SysTick_Handler
 .text.DMA1_Channel1_IRQHandler
                0x000000000800294c        0xc Src/stm32f1xx_it.o
                0x000000000800294c                DMA1_Channel1_IRQHandler
 .text.ADC1_2_IRQHandler
                0x0000000008002958        0xc Src/stm32f1xx_it.o
                0x0000000008002958                ADC1_2_IRQHandler
 .text.TIM4_IRQHandler
                0x0000000008002964        0xc Src/stm32f1xx_it.o
                0x0000000008002964                TIM4_IRQHandler
 .text.SystemInit
                0x0000000008002970       0x4c Src/system_stm32f1xx.o
                0x0000000008002970                SystemInit
 .text.Reset_Handler
                0x00000000080029bc       0x48 startup/startup_stm32f103xb.o
                0x00000000080029bc                Reset_Handler
 .text.Default_Handler
                0x0000000008002a04        0x2 startup/startup_stm32f103xb.o
                0x0000000008002a04                RTC_Alarm_IRQHandler
                0x0000000008002a04                EXTI2_IRQHandler
                0x0000000008002a04                TIM1_CC_IRQHandler
                0x0000000008002a04                PVD_IRQHandler
                0x0000000008002a04                EXTI3_IRQHandler
                0x0000000008002a04                EXTI0_IRQHandler
                0x0000000008002a04                I2C2_EV_IRQHandler
                0x0000000008002a04                SPI1_IRQHandler
                0x0000000008002a04                TAMPER_IRQHandler
                0x0000000008002a04                DMA1_Channel4_IRQHandler
                0x0000000008002a04                USART3_IRQHandler
                0x0000000008002a04                RTC_IRQHandler
                0x0000000008002a04                DMA1_Channel7_IRQHandler
                0x0000000008002a04                CAN1_RX1_IRQHandler
                0x0000000008002a04                I2C1_EV_IRQHandler
                0x0000000008002a04                DMA1_Channel6_IRQHandler
                0x0000000008002a04                TIM3_IRQHandler
                0x0000000008002a04                RCC_IRQHandler
                0x0000000008002a04                TIM1_TRG_COM_IRQHandler
                0x0000000008002a04                Default_Handler
                0x0000000008002a04                EXTI15_10_IRQHandler
                0x0000000008002a04                EXTI9_5_IRQHandler
                0x0000000008002a04                SPI2_IRQHandler
                0x0000000008002a04                DMA1_Channel5_IRQHandler
                0x0000000008002a04                EXTI4_IRQHandler
                0x0000000008002a04                USB_LP_CAN1_RX0_IRQHandler
                0x0000000008002a04                USB_HP_CAN1_TX_IRQHandler
                0x0000000008002a04                DMA1_Channel3_IRQHandler
                0x0000000008002a04                TIM1_UP_IRQHandler
                0x0000000008002a04                WWDG_IRQHandler
                0x0000000008002a04                TIM2_IRQHandler
                0x0000000008002a04                TIM1_BRK_IRQHandler
                0x0000000008002a04                EXTI1_IRQHandler
                0x0000000008002a04                USART2_IRQHandler
                0x0000000008002a04                I2C2_ER_IRQHandler
                0x0000000008002a04                DMA1_Channel2_IRQHandler
                0x0000000008002a04                CAN1_SCE_IRQHandler
                0x0000000008002a04                FLASH_IRQHandler
                0x0000000008002a04                USART1_IRQHandler
                0x0000000008002a04                I2C1_ER_IRQHandler
                0x0000000008002a04                USBWakeUp_IRQHandler
 *fill*         0x0000000008002a06        0x2 
 .text.__libc_init_array
                0x0000000008002a08       0x48 c:/st/stm32cubeide_1.4.0/stm32cubeide/plugins/com.st.stm32cube.ide.mcu.externaltools.gnu-tools-for-stm32.7-2018-q2-update.win32_1.4.0.202007081208/tools/bin/../lib/gcc/arm-none-eabi/7.3.1/../../../../arm-none-eabi/lib/thumb/v7-m\libc_nano.a(lib_a-init.o)
                0x0000000008002a08                __libc_init_array
 *(.glue_7)
 .glue_7        0x0000000008002a50        0x0 linker stubs
 *(.glue_7t)
 .glue_7t       0x0000000008002a50        0x0 linker stubs
 *(.eh_frame)
 .eh_frame      0x0000000008002a50        0x0 c:/st/stm32cubeide_1.4.0/stm32cubeide/plugins/com.st.stm32cube.ide.mcu.externaltools.gnu-tools-for-stm32.7-2018-q2-update.win32_1.4.0.202007081208/tools/bin/../lib/gcc/arm-none-eabi/7.3.1/thumb/v7-m/crtbegin.o
 *(.init)
 .init          0x0000000008002a50        0x4 c:/st/stm32cubeide_1.4.0/stm32cubeide/plugins/com.st.stm32cube.ide.mcu.externaltools.gnu-tools-for-stm32.7-2018-q2-update.win32_1.4.0.202007081208/tools/bin/../lib/gcc/arm-none-eabi/7.3.1/thumb/v7-m/crti.o
                0x0000000008002a50                _init
 .init          0x0000000008002a54        0x8 c:/st/stm32cubeide_1.4.0/stm32cubeide/plugins/com.st.stm32cube.ide.mcu.externaltools.gnu-tools-for-stm32.7-2018-q2-update.win32_1.4.0.202007081208/tools/bin/../lib/gcc/arm-none-eabi/7.3.1/thumb/v7-m/crtn.o
 *(.fini)
 .fini          0x0000000008002a5c        0x4 c:/st/stm32cubeide_1.4.0/stm32cubeide/plugins/com.st.stm32cube.ide.mcu.externaltools.gnu-tools-for-stm32.7-2018-q2-update.win32_1.4.0.202007081208/tools/bin/../lib/gcc/arm-none-eabi/7.3.1/thumb/v7-m/crti.o
                0x0000000008002a5c                _fini
 .fini          0x0000000008002a60        0x8 c:/st/stm32cubeide_1.4.0/stm32cubeide/plugins/com.st.stm32cube.ide.mcu.externaltools.gnu-tools-for-stm32.7-2018-q2-update.win32_1.4.0.202007081208/tools/bin/../lib/gcc/arm-none-eabi/7.3.1/thumb/v7-m/crtn.o
                0x0000000008002a68                . = ALIGN (0x4)
                0x0000000008002a68                _etext = .

.vfp11_veneer   0x0000000008002a68        0x0
 .vfp11_veneer  0x0000000008002a68        0x0 linker stubs

.v4_bx          0x0000000008002a68        0x0
 .v4_bx         0x0000000008002a68        0x0 linker stubs

.iplt           0x0000000008002a68        0x0
 .iplt          0x0000000008002a68        0x0 c:/st/stm32cubeide_1.4.0/stm32cubeide/plugins/com.st.stm32cube.ide.mcu.externaltools.gnu-tools-for-stm32.7-2018-q2-update.win32_1.4.0.202007081208/tools/bin/../lib/gcc/arm-none-eabi/7.3.1/thumb/v7-m/crtbegin.o

.rodata         0x0000000008002a68      0x43c
                0x0000000008002a68                . = ALIGN (0x4)
 *(.rodata)
 .rodata        0x0000000008002a68       0x10 Drivers/STM32F1xx_HAL_Driver/Src/stm32f1xx_hal_rcc.o
 *(.rodata*)
 .rodata.vTaskStartScheduler.str1.1
                0x0000000008002a78        0x5 Middlewares/Third_Party/FreeRTOS/Source/tasks.o
 .rodata.ASCII  0x0000000008002a7d      0x1e0 Src/NOKIA5110_fb.o
 .rodata.dragon
                0x0000000008002c5d      0x1f8 Src/main.o
                0x0000000008002c5d                dragon
 .rodata.main.str1.1
                0x0000000008002e55       0x1c Src/main.o
 .rodata.HAL_ADC_MspInit.str1.1
                0x0000000008002e71       0x1b Src/stm32f1xx_hal_msp.o
 .rodata.AHBPrescTable
                0x0000000008002e8c       0x10 Src/system_stm32f1xx.o
                0x0000000008002e8c                AHBPrescTable
 .rodata.APBPrescTable
                0x0000000008002e9c        0x8 Src/system_stm32f1xx.o
                0x0000000008002e9c                APBPrescTable
                0x0000000008002ea4                . = ALIGN (0x4)

.rel.dyn        0x0000000008002ea4        0x0
 .rel.iplt      0x0000000008002ea4        0x0 c:/st/stm32cubeide_1.4.0/stm32cubeide/plugins/com.st.stm32cube.ide.mcu.externaltools.gnu-tools-for-stm32.7-2018-q2-update.win32_1.4.0.202007081208/tools/bin/../lib/gcc/arm-none-eabi/7.3.1/thumb/v7-m/crtbegin.o

.ARM.extab
 *(.ARM.extab* .gnu.linkonce.armextab.*)

.ARM            0x0000000008002ea4        0x0
                0x0000000008002ea4                __exidx_start = .
 *(.ARM.exidx*)
                0x0000000008002ea4                __exidx_end = .

.preinit_array  0x0000000008002ea4        0x0
                0x0000000008002ea4                PROVIDE (__preinit_array_start = .)
 *(.preinit_array*)
                0x0000000008002ea4                PROVIDE (__preinit_array_end = .)

.init_array     0x0000000008002ea4        0x4
                0x0000000008002ea4                PROVIDE (__init_array_start = .)
 *(SORT_BY_NAME(.init_array.*))
 *(.init_array*)
 .init_array    0x0000000008002ea4        0x4 c:/st/stm32cubeide_1.4.0/stm32cubeide/plugins/com.st.stm32cube.ide.mcu.externaltools.gnu-tools-for-stm32.7-2018-q2-update.win32_1.4.0.202007081208/tools/bin/../lib/gcc/arm-none-eabi/7.3.1/thumb/v7-m/crtbegin.o
                0x0000000008002ea8                PROVIDE (__init_array_end = .)

.fini_array     0x0000000008002ea8        0x4
                [!provide]                        PROVIDE (__fini_array_start = .)
 *(SORT_BY_NAME(.fini_array.*))
 *(.fini_array*)
 .fini_array    0x0000000008002ea8        0x4 c:/st/stm32cubeide_1.4.0/stm32cubeide/plugins/com.st.stm32cube.ide.mcu.externaltools.gnu-tools-for-stm32.7-2018-q2-update.win32_1.4.0.202007081208/tools/bin/../lib/gcc/arm-none-eabi/7.3.1/thumb/v7-m/crtbegin.o
                [!provide]                        PROVIDE (__fini_array_end = .)
                0x0000000008002eac                _sidata = LOADADDR (.data)

.data           0x0000000020000000        0xc load address 0x0000000008002eac
                0x0000000020000000                . = ALIGN (0x4)
                0x0000000020000000                _sdata = .
 *(.data)
 *(.data*)
 .data.uwTickFreq
                0x0000000020000000        0x1 Drivers/STM32F1xx_HAL_Driver/Src/stm32f1xx_hal.o
                0x0000000020000000                uwTickFreq
 *fill*         0x0000000020000001        0x3 
 .data.uxCriticalNesting
                0x0000000020000004        0x4 Middlewares/Third_Party/FreeRTOS/Source/portable/GCC/ARM_CM3/port.o
 .data.SystemCoreClock
                0x0000000020000008        0x4 Src/system_stm32f1xx.o
                0x0000000020000008                SystemCoreClock
                0x000000002000000c                . = ALIGN (0x4)
                0x000000002000000c                _edata = .

.igot.plt       0x000000002000000c        0x0 load address 0x0000000008002eb8
 .igot.plt      0x000000002000000c        0x0 c:/st/stm32cubeide_1.4.0/stm32cubeide/plugins/com.st.stm32cube.ide.mcu.externaltools.gnu-tools-for-stm32.7-2018-q2-update.win32_1.4.0.202007081208/tools/bin/../lib/gcc/arm-none-eabi/7.3.1/thumb/v7-m/crtbegin.o
                0x000000002000000c                . = ALIGN (0x4)

.bss            0x000000002000000c     0x1030 load address 0x0000000008002eb8
                0x000000002000000c                _sbss = .
                0x000000002000000c                __bss_start__ = _sbss
 *(.bss)
 .bss           0x000000002000000c       0x1c c:/st/stm32cubeide_1.4.0/stm32cubeide/plugins/com.st.stm32cube.ide.mcu.externaltools.gnu-tools-for-stm32.7-2018-q2-update.win32_1.4.0.202007081208/tools/bin/../lib/gcc/arm-none-eabi/7.3.1/thumb/v7-m/crtbegin.o
 *(.bss*)
 .bss.pxCurrentTCB
                0x0000000020000028        0x4 Middlewares/Third_Party/FreeRTOS/Source/tasks.o
                0x0000000020000028                pxCurrentTCB
 .bss.pxDelayedTaskList
                0x000000002000002c        0x4 Middlewares/Third_Party/FreeRTOS/Source/tasks.o
 .bss.pxOverflowDelayedTaskList
                0x0000000020000030        0x4 Middlewares/Third_Party/FreeRTOS/Source/tasks.o
 .bss.pxReadyTasksLists
                0x0000000020000034       0x8c Middlewares/Third_Party/FreeRTOS/Source/tasks.o
 .bss.uxCurrentNumberOfTasks
                0x00000000200000c0        0x4 Middlewares/Third_Party/FreeRTOS/Source/tasks.o
 .bss.uxDeletedTasksWaitingCleanUp
                0x00000000200000c4        0x4 Middlewares/Third_Party/FreeRTOS/Source/tasks.o
 .bss.uxPendedTicks
                0x00000000200000c8        0x4 Middlewares/Third_Party/FreeRTOS/Source/tasks.o
 .bss.uxSchedulerSuspended
                0x00000000200000cc        0x4 Middlewares/Third_Party/FreeRTOS/Source/tasks.o
 .bss.uxTaskNumber
                0x00000000200000d0        0x4 Middlewares/Third_Party/FreeRTOS/Source/tasks.o
 .bss.uxTopReadyPriority
                0x00000000200000d4        0x4 Middlewares/Third_Party/FreeRTOS/Source/tasks.o
 .bss.xDelayedTaskList1
                0x00000000200000d8       0x14 Middlewares/Third_Party/FreeRTOS/Source/tasks.o
 .bss.xDelayedTaskList2
                0x00000000200000ec       0x14 Middlewares/Third_Party/FreeRTOS/Source/tasks.o
 .bss.xIdleTaskHandle
                0x0000000020000100        0x4 Middlewares/Third_Party/FreeRTOS/Source/tasks.o
 .bss.xNextTaskUnblockTime
                0x0000000020000104        0x4 Middlewares/Third_Party/FreeRTOS/Source/tasks.o
 .bss.xNumOfOverflows
                0x0000000020000108        0x4 Middlewares/Third_Party/FreeRTOS/Source/tasks.o
 .bss.xPendingReadyList
                0x000000002000010c       0x14 Middlewares/Third_Party/FreeRTOS/Source/tasks.o
 .bss.xSchedulerRunning
                0x0000000020000120        0x4 Middlewares/Third_Party/FreeRTOS/Source/tasks.o
 .bss.xSuspendedTaskList
                0x0000000020000124       0x14 Middlewares/Third_Party/FreeRTOS/Source/tasks.o
 .bss.xTasksWaitingTermination
                0x0000000020000138       0x14 Middlewares/Third_Party/FreeRTOS/Source/tasks.o
 .bss.xTickCount
                0x000000002000014c        0x4 Middlewares/Third_Party/FreeRTOS/Source/tasks.o
 .bss.xYieldPending
                0x0000000020000150        0x4 Middlewares/Third_Party/FreeRTOS/Source/tasks.o
 .bss.ucMaxSysCallPriority
                0x0000000020000154        0x1 Middlewares/Third_Party/FreeRTOS/Source/portable/GCC/ARM_CM3/port.o
 *fill*         0x0000000020000155        0x3 
 .bss.ulMaxPRIGROUPValue
                0x0000000020000158        0x4 Middlewares/Third_Party/FreeRTOS/Source/portable/GCC/ARM_CM3/port.o
 .bss.pxEnd     0x000000002000015c        0x4 Middlewares/Third_Party/FreeRTOS/Source/portable/MemMang/heap_4.o
 .bss.ucHeap    0x0000000020000160      0xc00 Middlewares/Third_Party/FreeRTOS/Source/portable/MemMang/heap_4.o
 .bss.xBlockAllocatedBit
                0x0000000020000d60        0x4 Middlewares/Third_Party/FreeRTOS/Source/portable/MemMang/heap_4.o
 .bss.xFreeBytesRemaining
                0x0000000020000d64        0x4 Middlewares/Third_Party/FreeRTOS/Source/portable/MemMang/heap_4.o
 .bss.xMinimumEverFreeBytesRemaining
                0x0000000020000d68        0x4 Middlewares/Third_Party/FreeRTOS/Source/portable/MemMang/heap_4.o
 .bss.xStart    0x0000000020000d6c        0x8 Middlewares/Third_Party/FreeRTOS/Source/portable/MemMang/heap_4.o
 .bss.fb        0x0000000020000d74      0x1f8 Src/NOKIA5110_fb.o
 .bss.indice_fb
                0x0000000020000f6c        0x4 Src/NOKIA5110_fb.o
 *(COMMON)
 COMMON         0x0000000020000f70        0x4 Drivers/STM32F1xx_HAL_Driver/Src/stm32f1xx_hal.o
                0x0000000020000f70                uwTick
 COMMON         0x0000000020000f74       0x88 Src/main.o
                0x0000000020000f74                valor_ADC
                0x0000000020000f7c                hadc1
                0x0000000020000fac                hdma_adc1
                0x0000000020000ff0                lfsr
                0x0000000020000ff4                ADC_buffer
 COMMON         0x0000000020000ffc       0x40 Src/stm32f1xx_hal_timebase_TIM.o
                0x0000000020000ffc                htim4
                0x000000002000103c                . = ALIGN (0x4)
                0x000000002000103c                _ebss = .
                0x000000002000103c                __bss_end__ = _ebss

._user_heap_stack
                0x000000002000103c      0x600 load address 0x0000000008002eb8
                0x000000002000103c                . = ALIGN (0x4)
                [!provide]                        PROVIDE (end = .)
                [!provide]                        PROVIDE (_end = .)
                0x000000002000123c                . = (. + _Min_Heap_Size)
 *fill*         0x000000002000103c      0x200 
                0x000000002000163c                . = (. + _Min_Stack_Size)
 *fill*         0x000000002000123c      0x400 
                0x000000002000163c                . = ALIGN (0x4)

/DISCARD/
 libc.a(*)
 libm.a(*)
 libgcc.a(*)

.ARM.attributes
                0x0000000000000000       0x29
 *(.ARM.attributes)
 .ARM.attributes
                0x0000000000000000       0x1d c:/st/stm32cubeide_1.4.0/stm32cubeide/plugins/com.st.stm32cube.ide.mcu.externaltools.gnu-tools-for-stm32.7-2018-q2-update.win32_1.4.0.202007081208/tools/bin/../lib/gcc/arm-none-eabi/7.3.1/thumb/v7-m/crti.o
 .ARM.attributes
                0x000000000000001d       0x2d c:/st/stm32cubeide_1.4.0/stm32cubeide/plugins/com.st.stm32cube.ide.mcu.externaltools.gnu-tools-for-stm32.7-2018-q2-update.win32_1.4.0.202007081208/tools/bin/../lib/gcc/arm-none-eabi/7.3.1/thumb/v7-m/crtbegin.o
 .ARM.attributes
                0x000000000000004a       0x33 Drivers/STM32F1xx_HAL_Driver/Src/stm32f1xx_hal.o
 .ARM.attributes
                0x000000000000007d       0x33 Drivers/STM32F1xx_HAL_Driver/Src/stm32f1xx_hal_adc.o
 .ARM.attributes
                0x00000000000000b0       0x33 Drivers/STM32F1xx_HAL_Driver/Src/stm32f1xx_hal_adc_ex.o
 .ARM.attributes
                0x00000000000000e3       0x33 Drivers/STM32F1xx_HAL_Driver/Src/stm32f1xx_hal_cortex.o
 .ARM.attributes
                0x0000000000000116       0x33 Drivers/STM32F1xx_HAL_Driver/Src/stm32f1xx_hal_dma.o
 .ARM.attributes
                0x0000000000000149       0x33 Drivers/STM32F1xx_HAL_Driver/Src/stm32f1xx_hal_gpio.o
 .ARM.attributes
                0x000000000000017c       0x33 Drivers/STM32F1xx_HAL_Driver/Src/stm32f1xx_hal_rcc.o
 .ARM.attributes
                0x00000000000001af       0x33 Drivers/STM32F1xx_HAL_Driver/Src/stm32f1xx_hal_rcc_ex.o
 .ARM.attributes
                0x00000000000001e2       0x33 Drivers/STM32F1xx_HAL_Driver/Src/stm32f1xx_hal_tim.o
 .ARM.attributes
                0x0000000000000215       0x33 Drivers/STM32F1xx_HAL_Driver/Src/stm32f1xx_hal_tim_ex.o
 .ARM.attributes
                0x0000000000000248       0x33 Middlewares/Third_Party/FreeRTOS/Source/CMSIS_RTOS/cmsis_os.o
 .ARM.attributes
                0x000000000000027b       0x33 Middlewares/Third_Party/FreeRTOS/Source/list.o
 .ARM.attributes
                0x00000000000002ae       0x33 Middlewares/Third_Party/FreeRTOS/Source/tasks.o
 .ARM.attributes
                0x00000000000002e1       0x33 Middlewares/Third_Party/FreeRTOS/Source/portable/GCC/ARM_CM3/port.o
 .ARM.attributes
                0x0000000000000314       0x33 Middlewares/Third_Party/FreeRTOS/Source/portable/MemMang/heap_4.o
 .ARM.attributes
                0x0000000000000347       0x33 Src/NOKIA5110_fb.o
 .ARM.attributes
                0x000000000000037a       0x33 Src/atraso.o
 .ARM.attributes
                0x00000000000003ad       0x33 Src/main.o
 .ARM.attributes
                0x00000000000003e0       0x33 Src/stm32f1xx_hal_msp.o
 .ARM.attributes
                0x0000000000000413       0x33 Src/stm32f1xx_hal_timebase_TIM.o
 .ARM.attributes
                0x0000000000000446       0x33 Src/stm32f1xx_it.o
 .ARM.attributes
                0x0000000000000479       0x33 Src/system_stm32f1xx.o
 .ARM.attributes
                0x00000000000004ac       0x21 startup/startup_stm32f103xb.o
 .ARM.attributes
                0x00000000000004cd       0x2d c:/st/stm32cubeide_1.4.0/stm32cubeide/plugins/com.st.stm32cube.ide.mcu.externaltools.gnu-tools-for-stm32.7-2018-q2-update.win32_1.4.0.202007081208/tools/bin/../lib/gcc/arm-none-eabi/7.3.1/../../../../arm-none-eabi/lib/thumb/v7-m\libc_nano.a(lib_a-init.o)
 .ARM.attributes
                0x00000000000004fa       0x1d c:/st/stm32cubeide_1.4.0/stm32cubeide/plugins/com.st.stm32cube.ide.mcu.externaltools.gnu-tools-for-stm32.7-2018-q2-update.win32_1.4.0.202007081208/tools/bin/../lib/gcc/arm-none-eabi/7.3.1/thumb/v7-m/crtn.o
OUTPUT(FreeRTOS_LC5110_Joystick.elf elf32-littlearm)

.debug_info     0x0000000000000000    0x1c13c
 .debug_info    0x0000000000000000      0xfbe Drivers/STM32F1xx_HAL_Driver/Src/stm32f1xx_hal.o
 .debug_info    0x0000000000000fbe     0x1665 Drivers/STM32F1xx_HAL_Driver/Src/stm32f1xx_hal_adc.o
 .debug_info    0x0000000000002623     0x1347 Drivers/STM32F1xx_HAL_Driver/Src/stm32f1xx_hal_adc_ex.o
 .debug_info    0x000000000000396a     0x145f Drivers/STM32F1xx_HAL_Driver/Src/stm32f1xx_hal_cortex.o
 .debug_info    0x0000000000004dc9     0x1004 Drivers/STM32F1xx_HAL_Driver/Src/stm32f1xx_hal_dma.o
 .debug_info    0x0000000000005dcd      0xe7c Drivers/STM32F1xx_HAL_Driver/Src/stm32f1xx_hal_gpio.o
 .debug_info    0x0000000000006c49     0x11d0 Drivers/STM32F1xx_HAL_Driver/Src/stm32f1xx_hal_rcc.o
 .debug_info    0x0000000000007e19      0xc57 Drivers/STM32F1xx_HAL_Driver/Src/stm32f1xx_hal_rcc_ex.o
 .debug_info    0x0000000000008a70     0x3b48 Drivers/STM32F1xx_HAL_Driver/Src/stm32f1xx_hal_tim.o
 .debug_info    0x000000000000c5b8     0x193a Drivers/STM32F1xx_HAL_Driver/Src/stm32f1xx_hal_tim_ex.o
 .debug_info    0x000000000000def2     0x24bc Middlewares/Third_Party/FreeRTOS/Source/CMSIS_RTOS/cmsis_os.o
 .debug_info    0x00000000000103ae      0xabd Middlewares/Third_Party/FreeRTOS/Source/list.o
 .debug_info    0x0000000000010e6b     0x2996 Middlewares/Third_Party/FreeRTOS/Source/tasks.o
 .debug_info    0x0000000000013801      0x4c7 Middlewares/Third_Party/FreeRTOS/Source/portable/GCC/ARM_CM3/port.o
 .debug_info    0x0000000000013cc8      0xca2 Middlewares/Third_Party/FreeRTOS/Source/portable/MemMang/heap_4.o
 .debug_info    0x000000000001496a     0x1873 Src/NOKIA5110_fb.o
 .debug_info    0x00000000000161dd       0xeb Src/atraso.o
 .debug_info    0x00000000000162c8     0x1d1a Src/main.o
 .debug_info    0x0000000000017fe2     0x1302 Src/stm32f1xx_hal_msp.o
 .debug_info    0x00000000000192e4     0x118a Src/stm32f1xx_hal_timebase_TIM.o
 .debug_info    0x000000000001a46e     0x10a7 Src/stm32f1xx_it.o
 .debug_info    0x000000000001b515      0xc05 Src/system_stm32f1xx.o
 .debug_info    0x000000000001c11a       0x22 startup/startup_stm32f103xb.o

.debug_abbrev   0x0000000000000000     0x3ebd
 .debug_abbrev  0x0000000000000000      0x30f Drivers/STM32F1xx_HAL_Driver/Src/stm32f1xx_hal.o
 .debug_abbrev  0x000000000000030f      0x302 Drivers/STM32F1xx_HAL_Driver/Src/stm32f1xx_hal_adc.o
 .debug_abbrev  0x0000000000000611      0x29b Drivers/STM32F1xx_HAL_Driver/Src/stm32f1xx_hal_adc_ex.o
 .debug_abbrev  0x00000000000008ac      0x3ad Drivers/STM32F1xx_HAL_Driver/Src/stm32f1xx_hal_cortex.o
 .debug_abbrev  0x0000000000000c59      0x2a3 Drivers/STM32F1xx_HAL_Driver/Src/stm32f1xx_hal_dma.o
 .debug_abbrev  0x0000000000000efc      0x26d Drivers/STM32F1xx_HAL_Driver/Src/stm32f1xx_hal_gpio.o
 .debug_abbrev  0x0000000000001169      0x35f Drivers/STM32F1xx_HAL_Driver/Src/stm32f1xx_hal_rcc.o
 .debug_abbrev  0x00000000000014c8      0x27c Drivers/STM32F1xx_HAL_Driver/Src/stm32f1xx_hal_rcc_ex.o
 .debug_abbrev  0x0000000000001744      0x3c9 Drivers/STM32F1xx_HAL_Driver/Src/stm32f1xx_hal_tim.o
 .debug_abbrev  0x0000000000001b0d      0x314 Drivers/STM32F1xx_HAL_Driver/Src/stm32f1xx_hal_tim_ex.o
 .debug_abbrev  0x0000000000001e21      0x46f Middlewares/Third_Party/FreeRTOS/Source/CMSIS_RTOS/cmsis_os.o
 .debug_abbrev  0x0000000000002290      0x1e6 Middlewares/Third_Party/FreeRTOS/Source/list.o
 .debug_abbrev  0x0000000000002476      0x44a Middlewares/Third_Party/FreeRTOS/Source/tasks.o
 .debug_abbrev  0x00000000000028c0      0x24c Middlewares/Third_Party/FreeRTOS/Source/portable/GCC/ARM_CM3/port.o
 .debug_abbrev  0x0000000000002b0c      0x317 Middlewares/Third_Party/FreeRTOS/Source/portable/MemMang/heap_4.o
 .debug_abbrev  0x0000000000002e23      0x39b Src/NOKIA5110_fb.o
 .debug_abbrev  0x00000000000031be       0x7b Src/atraso.o
 .debug_abbrev  0x0000000000003239      0x3c9 Src/main.o
 .debug_abbrev  0x0000000000003602      0x23e Src/stm32f1xx_hal_msp.o
 .debug_abbrev  0x0000000000003840      0x25f Src/stm32f1xx_hal_timebase_TIM.o
 .debug_abbrev  0x0000000000003a9f      0x21c Src/stm32f1xx_it.o
 .debug_abbrev  0x0000000000003cbb      0x1f0 Src/system_stm32f1xx.o
 .debug_abbrev  0x0000000000003eab       0x12 startup/startup_stm32f103xb.o

.debug_loc      0x0000000000000000     0x955d
 .debug_loc     0x0000000000000000      0x102 Drivers/STM32F1xx_HAL_Driver/Src/stm32f1xx_hal.o
 .debug_loc     0x0000000000000102      0x88e Drivers/STM32F1xx_HAL_Driver/Src/stm32f1xx_hal_adc.o
 .debug_loc     0x0000000000000990      0x763 Drivers/STM32F1xx_HAL_Driver/Src/stm32f1xx_hal_adc_ex.o
 .debug_loc     0x00000000000010f3      0x43b Drivers/STM32F1xx_HAL_Driver/Src/stm32f1xx_hal_cortex.o
 .debug_loc     0x000000000000152e      0x5f5 Drivers/STM32F1xx_HAL_Driver/Src/stm32f1xx_hal_dma.o
 .debug_loc     0x0000000000001b23      0x36a Drivers/STM32F1xx_HAL_Driver/Src/stm32f1xx_hal_gpio.o
 .debug_loc     0x0000000000001e8d      0x4c3 Drivers/STM32F1xx_HAL_Driver/Src/stm32f1xx_hal_rcc.o
 .debug_loc     0x0000000000002350      0x29d Drivers/STM32F1xx_HAL_Driver/Src/stm32f1xx_hal_rcc_ex.o
 .debug_loc     0x00000000000025ed     0x2f76 Drivers/STM32F1xx_HAL_Driver/Src/stm32f1xx_hal_tim.o
 .debug_loc     0x0000000000005563      0x80c Drivers/STM32F1xx_HAL_Driver/Src/stm32f1xx_hal_tim_ex.o
 .debug_loc     0x0000000000005d6f      0xfd1 Middlewares/Third_Party/FreeRTOS/Source/CMSIS_RTOS/cmsis_os.o
 .debug_loc     0x0000000000006d40       0x94 Middlewares/Third_Party/FreeRTOS/Source/list.o
 .debug_loc     0x0000000000006dd4     0x11fb Middlewares/Third_Party/FreeRTOS/Source/tasks.o
 .debug_loc     0x0000000000007fcf       0xce Middlewares/Third_Party/FreeRTOS/Source/portable/GCC/ARM_CM3/port.o
 .debug_loc     0x000000000000809d      0x3aa Middlewares/Third_Party/FreeRTOS/Source/portable/MemMang/heap_4.o
 .debug_loc     0x0000000000008447      0xe9c Src/NOKIA5110_fb.o
 .debug_loc     0x00000000000092e3       0xa5 Src/main.o
 .debug_loc     0x0000000000009388       0x63 Src/stm32f1xx_hal_msp.o
 .debug_loc     0x00000000000093eb       0xa5 Src/stm32f1xx_hal_timebase_TIM.o
 .debug_loc     0x0000000000009490       0xcd Src/system_stm32f1xx.o

.debug_aranges  0x0000000000000000      0xdb0
 .debug_aranges
                0x0000000000000000       0xc8 Drivers/STM32F1xx_HAL_Driver/Src/stm32f1xx_hal.o
 .debug_aranges
                0x00000000000000c8       0xc8 Drivers/STM32F1xx_HAL_Driver/Src/stm32f1xx_hal_adc.o
 .debug_aranges
                0x0000000000000190       0x80 Drivers/STM32F1xx_HAL_Driver/Src/stm32f1xx_hal_adc_ex.o
 .debug_aranges
                0x0000000000000210       0x90 Drivers/STM32F1xx_HAL_Driver/Src/stm32f1xx_hal_cortex.o
 .debug_aranges
                0x00000000000002a0       0x78 Drivers/STM32F1xx_HAL_Driver/Src/stm32f1xx_hal_dma.o
 .debug_aranges
                0x0000000000000318       0x58 Drivers/STM32F1xx_HAL_Driver/Src/stm32f1xx_hal_gpio.o
 .debug_aranges
                0x0000000000000370       0x88 Drivers/STM32F1xx_HAL_Driver/Src/stm32f1xx_hal_rcc.o
 .debug_aranges
                0x00000000000003f8       0x30 Drivers/STM32F1xx_HAL_Driver/Src/stm32f1xx_hal_rcc_ex.o
 .debug_aranges
                0x0000000000000428      0x250 Drivers/STM32F1xx_HAL_Driver/Src/stm32f1xx_hal_tim.o
 .debug_aranges
                0x0000000000000678       0xe8 Drivers/STM32F1xx_HAL_Driver/Src/stm32f1xx_hal_tim_ex.o
 .debug_aranges
                0x0000000000000760      0x190 Middlewares/Third_Party/FreeRTOS/Source/CMSIS_RTOS/cmsis_os.o
 .debug_aranges
                0x00000000000008f0       0x40 Middlewares/Third_Party/FreeRTOS/Source/list.o
 .debug_aranges
                0x0000000000000930      0x168 Middlewares/Third_Party/FreeRTOS/Source/tasks.o
 .debug_aranges
                0x0000000000000a98       0x78 Middlewares/Third_Party/FreeRTOS/Source/portable/GCC/ARM_CM3/port.o
 .debug_aranges
                0x0000000000000b10       0x48 Middlewares/Third_Party/FreeRTOS/Source/portable/MemMang/heap_4.o
 .debug_aranges
                0x0000000000000b58       0xb8 Src/NOKIA5110_fb.o
 .debug_aranges
                0x0000000000000c10       0x30 Src/atraso.o
 .debug_aranges
                0x0000000000000c40       0x60 Src/main.o
 .debug_aranges
                0x0000000000000ca0       0x30 Src/stm32f1xx_hal_msp.o
 .debug_aranges
                0x0000000000000cd0       0x30 Src/stm32f1xx_hal_timebase_TIM.o
 .debug_aranges
                0x0000000000000d00       0x60 Src/stm32f1xx_it.o
 .debug_aranges
                0x0000000000000d60       0x28 Src/system_stm32f1xx.o
 .debug_aranges
                0x0000000000000d88       0x28 startup/startup_stm32f103xb.o

.debug_ranges   0x0000000000000000     0x1118
 .debug_ranges  0x0000000000000000       0xb8 Drivers/STM32F1xx_HAL_Driver/Src/stm32f1xx_hal.o
 .debug_ranges  0x00000000000000b8       0xb8 Drivers/STM32F1xx_HAL_Driver/Src/stm32f1xx_hal_adc.o
 .debug_ranges  0x0000000000000170       0x70 Drivers/STM32F1xx_HAL_Driver/Src/stm32f1xx_hal_adc_ex.o
 .debug_ranges  0x00000000000001e0      0x148 Drivers/STM32F1xx_HAL_Driver/Src/stm32f1xx_hal_cortex.o
 .debug_ranges  0x0000000000000328       0x98 Drivers/STM32F1xx_HAL_Driver/Src/stm32f1xx_hal_dma.o
 .debug_ranges  0x00000000000003c0       0x60 Drivers/STM32F1xx_HAL_Driver/Src/stm32f1xx_hal_gpio.o
 .debug_ranges  0x0000000000000420       0xa8 Drivers/STM32F1xx_HAL_Driver/Src/stm32f1xx_hal_rcc.o
 .debug_ranges  0x00000000000004c8       0x40 Drivers/STM32F1xx_HAL_Driver/Src/stm32f1xx_hal_rcc_ex.o
 .debug_ranges  0x0000000000000508      0x328 Drivers/STM32F1xx_HAL_Driver/Src/stm32f1xx_hal_tim.o
 .debug_ranges  0x0000000000000830       0xd8 Drivers/STM32F1xx_HAL_Driver/Src/stm32f1xx_hal_tim_ex.o
 .debug_ranges  0x0000000000000908      0x198 Middlewares/Third_Party/FreeRTOS/Source/CMSIS_RTOS/cmsis_os.o
 .debug_ranges  0x0000000000000aa0       0x30 Middlewares/Third_Party/FreeRTOS/Source/list.o
 .debug_ranges  0x0000000000000ad0      0x2a0 Middlewares/Third_Party/FreeRTOS/Source/tasks.o
 .debug_ranges  0x0000000000000d70       0x80 Middlewares/Third_Party/FreeRTOS/Source/portable/GCC/ARM_CM3/port.o
 .debug_ranges  0x0000000000000df0       0x38 Middlewares/Third_Party/FreeRTOS/Source/portable/MemMang/heap_4.o
 .debug_ranges  0x0000000000000e28       0xa8 Src/NOKIA5110_fb.o
 .debug_ranges  0x0000000000000ed0       0x20 Src/atraso.o
 .debug_ranges  0x0000000000000ef0       0xf8 Src/main.o
 .debug_ranges  0x0000000000000fe8       0x60 Src/stm32f1xx_hal_msp.o
 .debug_ranges  0x0000000000001048       0x48 Src/stm32f1xx_hal_timebase_TIM.o
 .debug_ranges  0x0000000000001090       0x50 Src/stm32f1xx_it.o
 .debug_ranges  0x00000000000010e0       0x18 Src/system_stm32f1xx.o
 .debug_ranges  0x00000000000010f8       0x20 startup/startup_stm32f103xb.o

.debug_macro    0x0000000000000000    0x18114
 .debug_macro   0x0000000000000000      0x321 Drivers/STM32F1xx_HAL_Driver/Src/stm32f1xx_hal.o
 .debug_macro   0x0000000000000321      0xa66 Drivers/STM32F1xx_HAL_Driver/Src/stm32f1xx_hal.o
 .debug_macro   0x0000000000000d87       0x10 Drivers/STM32F1xx_HAL_Driver/Src/stm32f1xx_hal.o
 .debug_macro   0x0000000000000d97      0x16f Drivers/STM32F1xx_HAL_Driver/Src/stm32f1xx_hal.o
 .debug_macro   0x0000000000000f06       0x2e Drivers/STM32F1xx_HAL_Driver/Src/stm32f1xx_hal.o
 .debug_macro   0x0000000000000f34       0x22 Drivers/STM32F1xx_HAL_Driver/Src/stm32f1xx_hal.o
 .debug_macro   0x0000000000000f56       0x22 Drivers/STM32F1xx_HAL_Driver/Src/stm32f1xx_hal.o
 .debug_macro   0x0000000000000f78       0x8e Drivers/STM32F1xx_HAL_Driver/Src/stm32f1xx_hal.o
 .debug_macro   0x0000000000001006       0x51 Drivers/STM32F1xx_HAL_Driver/Src/stm32f1xx_hal.o
 .debug_macro   0x0000000000001057       0xef Drivers/STM32F1xx_HAL_Driver/Src/stm32f1xx_hal.o
 .debug_macro   0x0000000000001146       0x6a Drivers/STM32F1xx_HAL_Driver/Src/stm32f1xx_hal.o
 .debug_macro   0x00000000000011b0      0x1df Drivers/STM32F1xx_HAL_Driver/Src/stm32f1xx_hal.o
 .debug_macro   0x000000000000138f       0x34 Drivers/STM32F1xx_HAL_Driver/Src/stm32f1xx_hal.o
 .debug_macro   0x00000000000013c3       0x34 Drivers/STM32F1xx_HAL_Driver/Src/stm32f1xx_hal.o
 .debug_macro   0x00000000000013f7      0xb8e Drivers/STM32F1xx_HAL_Driver/Src/stm32f1xx_hal.o
 .debug_macro   0x0000000000001f85     0xe90a Drivers/STM32F1xx_HAL_Driver/Src/stm32f1xx_hal.o
 .debug_macro   0x000000000001088f       0x43 Drivers/STM32F1xx_HAL_Driver/Src/stm32f1xx_hal.o
 .debug_macro   0x00000000000108d2       0x46 Drivers/STM32F1xx_HAL_Driver/Src/stm32f1xx_hal.o
 .debug_macro   0x0000000000010918       0x18 Drivers/STM32F1xx_HAL_Driver/Src/stm32f1xx_hal.o
 .debug_macro   0x0000000000010930       0x3c Drivers/STM32F1xx_HAL_Driver/Src/stm32f1xx_hal.o
 .debug_macro   0x000000000001096c       0x34 Drivers/STM32F1xx_HAL_Driver/Src/stm32f1xx_hal.o
 .debug_macro   0x00000000000109a0       0x16 Drivers/STM32F1xx_HAL_Driver/Src/stm32f1xx_hal.o
 .debug_macro   0x00000000000109b6       0x97 Drivers/STM32F1xx_HAL_Driver/Src/stm32f1xx_hal.o
 .debug_macro   0x0000000000010a4d      0x330 Drivers/STM32F1xx_HAL_Driver/Src/stm32f1xx_hal.o
 .debug_macro   0x0000000000010d7d       0xfd Drivers/STM32F1xx_HAL_Driver/Src/stm32f1xx_hal.o
 .debug_macro   0x0000000000010e7a       0x10 Drivers/STM32F1xx_HAL_Driver/Src/stm32f1xx_hal.o
 .debug_macro   0x0000000000010e8a       0x52 Drivers/STM32F1xx_HAL_Driver/Src/stm32f1xx_hal.o
 .debug_macro   0x0000000000010edc       0x1f Drivers/STM32F1xx_HAL_Driver/Src/stm32f1xx_hal.o
 .debug_macro   0x0000000000010efb       0x43 Drivers/STM32F1xx_HAL_Driver/Src/stm32f1xx_hal.o
 .debug_macro   0x0000000000010f3e       0x20 Drivers/STM32F1xx_HAL_Driver/Src/stm32f1xx_hal.o
 .debug_macro   0x0000000000010f5e      0x1a3 Drivers/STM32F1xx_HAL_Driver/Src/stm32f1xx_hal.o
 .debug_macro   0x0000000000011101       0x10 Drivers/STM32F1xx_HAL_Driver/Src/stm32f1xx_hal.o
 .debug_macro   0x0000000000011111       0x1c Drivers/STM32F1xx_HAL_Driver/Src/stm32f1xx_hal.o
 .debug_macro   0x000000000001112d       0x52 Drivers/STM32F1xx_HAL_Driver/Src/stm32f1xx_hal.o
 .debug_macro   0x000000000001117f       0x40 Drivers/STM32F1xx_HAL_Driver/Src/stm32f1xx_hal.o
 .debug_macro   0x00000000000111bf       0x10 Drivers/STM32F1xx_HAL_Driver/Src/stm32f1xx_hal.o
 .debug_macro   0x00000000000111cf       0x40 Drivers/STM32F1xx_HAL_Driver/Src/stm32f1xx_hal.o
 .debug_macro   0x000000000001120f       0xd7 Drivers/STM32F1xx_HAL_Driver/Src/stm32f1xx_hal.o
 .debug_macro   0x00000000000112e6       0x1c Drivers/STM32F1xx_HAL_Driver/Src/stm32f1xx_hal.o
 .debug_macro   0x0000000000011302       0x3d Drivers/STM32F1xx_HAL_Driver/Src/stm32f1xx_hal.o
 .debug_macro   0x000000000001133f       0x16 Drivers/STM32F1xx_HAL_Driver/Src/stm32f1xx_hal.o
 .debug_macro   0x0000000000011355      0x145 Drivers/STM32F1xx_HAL_Driver/Src/stm32f1xx_hal.o
 .debug_macro   0x000000000001149a       0x50 Drivers/STM32F1xx_HAL_Driver/Src/stm32f1xx_hal.o
 .debug_macro   0x00000000000114ea      0x5c2 Drivers/STM32F1xx_HAL_Driver/Src/stm32f1xx_hal.o
 .debug_macro   0x0000000000011aac      0x28a Drivers/STM32F1xx_HAL_Driver/Src/stm32f1xx_hal.o
 .debug_macro   0x0000000000011d36      0x1cb Drivers/STM32F1xx_HAL_Driver/Src/stm32f1xx_hal.o
 .debug_macro   0x0000000000011f01      0x11e Drivers/STM32F1xx_HAL_Driver/Src/stm32f1xx_hal.o
 .debug_macro   0x000000000001201f      0x1b3 Drivers/STM32F1xx_HAL_Driver/Src/stm32f1xx_hal.o
 .debug_macro   0x00000000000121d2       0x27 Drivers/STM32F1xx_HAL_Driver/Src/stm32f1xx_hal.o
 .debug_macro   0x00000000000121f9      0x1bc Drivers/STM32F1xx_HAL_Driver/Src/stm32f1xx_hal.o
 .debug_macro   0x00000000000123b5       0x34 Drivers/STM32F1xx_HAL_Driver/Src/stm32f1xx_hal.o
 .debug_macro   0x00000000000123e9       0x3c Drivers/STM32F1xx_HAL_Driver/Src/stm32f1xx_hal.o
 .debug_macro   0x0000000000012425       0x57 Drivers/STM32F1xx_HAL_Driver/Src/stm32f1xx_hal.o
 .debug_macro   0x000000000001247c      0x46a Drivers/STM32F1xx_HAL_Driver/Src/stm32f1xx_hal.o
 .debug_macro   0x00000000000128e6      0x1b5 Drivers/STM32F1xx_HAL_Driver/Src/stm32f1xx_hal.o
 .debug_macro   0x0000000000012a9b       0x8c Drivers/STM32F1xx_HAL_Driver/Src/stm32f1xx_hal.o
 .debug_macro   0x0000000000012b27      0x242 Drivers/STM32F1xx_HAL_Driver/Src/stm32f1xx_hal.o
 .debug_macro   0x0000000000012d69      0x143 Drivers/STM32F1xx_HAL_Driver/Src/stm32f1xx_hal.o
 .debug_macro   0x0000000000012eac      0x84c Drivers/STM32F1xx_HAL_Driver/Src/stm32f1xx_hal.o
 .debug_macro   0x00000000000136f8       0x1f Drivers/STM32F1xx_HAL_Driver/Src/stm32f1xx_hal.o
 .debug_macro   0x0000000000013717       0x83 Drivers/STM32F1xx_HAL_Driver/Src/stm32f1xx_hal.o
 .debug_macro   0x000000000001379a      0x31a Drivers/STM32F1xx_HAL_Driver/Src/stm32f1xx_hal_adc.o
 .debug_macro   0x0000000000013ab4      0x30f Drivers/STM32F1xx_HAL_Driver/Src/stm32f1xx_hal_adc_ex.o
 .debug_macro   0x0000000000013dc3      0x2fd Drivers/STM32F1xx_HAL_Driver/Src/stm32f1xx_hal_cortex.o
 .debug_macro   0x00000000000140c0      0x2fd Drivers/STM32F1xx_HAL_Driver/Src/stm32f1xx_hal_dma.o
 .debug_macro   0x00000000000143bd      0x36d Drivers/STM32F1xx_HAL_Driver/Src/stm32f1xx_hal_gpio.o
 .debug_macro   0x000000000001472a      0x30f Drivers/STM32F1xx_HAL_Driver/Src/stm32f1xx_hal_rcc.o
 .debug_macro   0x0000000000014a39      0x2fd Drivers/STM32F1xx_HAL_Driver/Src/stm32f1xx_hal_rcc_ex.o
 .debug_macro   0x0000000000014d36      0x2fd Drivers/STM32F1xx_HAL_Driver/Src/stm32f1xx_hal_tim.o
 .debug_macro   0x0000000000015033      0x2fd Drivers/STM32F1xx_HAL_Driver/Src/stm32f1xx_hal_tim_ex.o
 .debug_macro   0x0000000000015330      0x201 Middlewares/Third_Party/FreeRTOS/Source/CMSIS_RTOS/cmsis_os.o
 .debug_macro   0x0000000000015531       0x40 Middlewares/Third_Party/FreeRTOS/Source/CMSIS_RTOS/cmsis_os.o
 .debug_macro   0x0000000000015571       0x94 Middlewares/Third_Party/FreeRTOS/Source/CMSIS_RTOS/cmsis_os.o
 .debug_macro   0x0000000000015605      0x174 Middlewares/Third_Party/FreeRTOS/Source/CMSIS_RTOS/cmsis_os.o
 .debug_macro   0x0000000000015779       0x57 Middlewares/Third_Party/FreeRTOS/Source/CMSIS_RTOS/cmsis_os.o
 .debug_macro   0x00000000000157d0       0x10 Middlewares/Third_Party/FreeRTOS/Source/CMSIS_RTOS/cmsis_os.o
 .debug_macro   0x00000000000157e0       0x35 Middlewares/Third_Party/FreeRTOS/Source/CMSIS_RTOS/cmsis_os.o
 .debug_macro   0x0000000000015815       0x20 Middlewares/Third_Party/FreeRTOS/Source/CMSIS_RTOS/cmsis_os.o
 .debug_macro   0x0000000000015835       0xd2 Middlewares/Third_Party/FreeRTOS/Source/CMSIS_RTOS/cmsis_os.o
 .debug_macro   0x0000000000015907      0x168 Middlewares/Third_Party/FreeRTOS/Source/CMSIS_RTOS/cmsis_os.o
 .debug_macro   0x0000000000015a6f       0xe4 Middlewares/Third_Party/FreeRTOS/Source/CMSIS_RTOS/cmsis_os.o
 .debug_macro   0x0000000000015b53       0x10 Middlewares/Third_Party/FreeRTOS/Source/CMSIS_RTOS/cmsis_os.o
 .debug_macro   0x0000000000015b63       0x1f Middlewares/Third_Party/FreeRTOS/Source/CMSIS_RTOS/cmsis_os.o
 .debug_macro   0x0000000000015b82      0x40f Middlewares/Third_Party/FreeRTOS/Source/CMSIS_RTOS/cmsis_os.o
 .debug_macro   0x0000000000015f91       0xc0 Middlewares/Third_Party/FreeRTOS/Source/CMSIS_RTOS/cmsis_os.o
 .debug_macro   0x0000000000016051       0x8c Middlewares/Third_Party/FreeRTOS/Source/CMSIS_RTOS/cmsis_os.o
 .debug_macro   0x00000000000160dd       0x91 Middlewares/Third_Party/FreeRTOS/Source/CMSIS_RTOS/cmsis_os.o
 .debug_macro   0x000000000001616e       0x94 Middlewares/Third_Party/FreeRTOS/Source/CMSIS_RTOS/cmsis_os.o
 .debug_macro   0x0000000000016202       0x63 Middlewares/Third_Party/FreeRTOS/Source/CMSIS_RTOS/cmsis_os.o
 .debug_macro   0x0000000000016265       0x19 Middlewares/Third_Party/FreeRTOS/Source/CMSIS_RTOS/cmsis_os.o
 .debug_macro   0x000000000001627e       0xcf Middlewares/Third_Party/FreeRTOS/Source/CMSIS_RTOS/cmsis_os.o
 .debug_macro   0x000000000001634d       0x26 Middlewares/Third_Party/FreeRTOS/Source/CMSIS_RTOS/cmsis_os.o
 .debug_macro   0x0000000000016373      0x18a Middlewares/Third_Party/FreeRTOS/Source/list.o
 .debug_macro   0x00000000000164fd      0x278 Middlewares/Third_Party/FreeRTOS/Source/tasks.o
 .debug_macro   0x0000000000016775       0x11 Middlewares/Third_Party/FreeRTOS/Source/tasks.o
 .debug_macro   0x0000000000016786      0x185 Middlewares/Third_Party/FreeRTOS/Source/portable/GCC/ARM_CM3/port.o
 .debug_macro   0x000000000001690b      0x1b1 Middlewares/Third_Party/FreeRTOS/Source/portable/MemMang/heap_4.o
 .debug_macro   0x0000000000016abc      0x353 Src/NOKIA5110_fb.o
 .debug_macro   0x0000000000016e0f       0x2e Src/NOKIA5110_fb.o
 .debug_macro   0x0000000000016e3d       0x52 Src/NOKIA5110_fb.o
 .debug_macro   0x0000000000016e8f       0x6d Src/atraso.o
 .debug_macro   0x0000000000016efc      0x430 Src/main.o
 .debug_macro   0x000000000001732c       0xd8 Src/main.o
 .debug_macro   0x0000000000017404       0x58 Src/main.o
 .debug_macro   0x000000000001745c      0x2fd Src/stm32f1xx_hal_msp.o
 .debug_macro   0x0000000000017759      0x2fd Src/stm32f1xx_hal_timebase_TIM.o
 .debug_macro   0x0000000000017a56      0x3bb Src/stm32f1xx_it.o
 .debug_macro   0x0000000000017e11      0x303 Src/system_stm32f1xx.o

.debug_line     0x0000000000000000     0xe794
 .debug_line    0x0000000000000000      0x9b9 Drivers/STM32F1xx_HAL_Driver/Src/stm32f1xx_hal.o
 .debug_line    0x00000000000009b9      0xd6a Drivers/STM32F1xx_HAL_Driver/Src/stm32f1xx_hal_adc.o
 .debug_line    0x0000000000001723      0xc18 Drivers/STM32F1xx_HAL_Driver/Src/stm32f1xx_hal_adc_ex.o
 .debug_line    0x000000000000233b      0xa0f Drivers/STM32F1xx_HAL_Driver/Src/stm32f1xx_hal_cortex.o
 .debug_line    0x0000000000002d4a      0xbcc Drivers/STM32F1xx_HAL_Driver/Src/stm32f1xx_hal_dma.o
 .debug_line    0x0000000000003916      0x9a6 Drivers/STM32F1xx_HAL_Driver/Src/stm32f1xx_hal_gpio.o
 .debug_line    0x00000000000042bc      0xb4d Drivers/STM32F1xx_HAL_Driver/Src/stm32f1xx_hal_rcc.o
 .debug_line    0x0000000000004e09      0x8f8 Drivers/STM32F1xx_HAL_Driver/Src/stm32f1xx_hal_rcc_ex.o
 .debug_line    0x0000000000005701     0x167d Drivers/STM32F1xx_HAL_Driver/Src/stm32f1xx_hal_tim.o
 .debug_line    0x0000000000006d7e      0xc18 Drivers/STM32F1xx_HAL_Driver/Src/stm32f1xx_hal_tim_ex.o
 .debug_line    0x0000000000007996      0xc66 Middlewares/Third_Party/FreeRTOS/Source/CMSIS_RTOS/cmsis_os.o
 .debug_line    0x00000000000085fc      0x671 Middlewares/Third_Party/FreeRTOS/Source/list.o
 .debug_line    0x0000000000008c6d      0xf0d Middlewares/Third_Party/FreeRTOS/Source/tasks.o
 .debug_line    0x0000000000009b7a      0x5f8 Middlewares/Third_Party/FreeRTOS/Source/portable/GCC/ARM_CM3/port.o
 .debug_line    0x000000000000a172      0x72a Middlewares/Third_Party/FreeRTOS/Source/portable/MemMang/heap_4.o
 .debug_line    0x000000000000a89c      0xc86 Src/NOKIA5110_fb.o
 .debug_line    0x000000000000b522      0x3b5 Src/atraso.o
 .debug_line    0x000000000000b8d7      0xb45 Src/main.o
 .debug_line    0x000000000000c41c      0x86c Src/stm32f1xx_hal_msp.o
 .debug_line    0x000000000000cc88      0x854 Src/stm32f1xx_hal_timebase_TIM.o
 .debug_line    0x000000000000d4dc      0xa07 Src/stm32f1xx_it.o
 .debug_line    0x000000000000dee3      0x834 Src/system_stm32f1xx.o
 .debug_line    0x000000000000e717       0x7d startup/startup_stm32f103xb.o

.debug_str      0x0000000000000000    0x7ccbc
 .debug_str     0x0000000000000000    0x7200c Drivers/STM32F1xx_HAL_Driver/Src/stm32f1xx_hal.o
                                      0x723b8 (size before relaxing)
 .debug_str     0x000000000007200c      0x67f Drivers/STM32F1xx_HAL_Driver/Src/stm32f1xx_hal_adc.o
                                      0x7235f (size before relaxing)
 .debug_str     0x000000000007268b      0x2d8 Drivers/STM32F1xx_HAL_Driver/Src/stm32f1xx_hal_adc_ex.o
                                      0x72317 (size before relaxing)
 .debug_str     0x0000000000072963      0x2d8 Drivers/STM32F1xx_HAL_Driver/Src/stm32f1xx_hal_cortex.o
                                      0x7230d (size before relaxing)
 .debug_str     0x0000000000072c3b      0x220 Drivers/STM32F1xx_HAL_Driver/Src/stm32f1xx_hal_dma.o
                                      0x72071 (size before relaxing)
 .debug_str     0x0000000000072e5b      0x3a4 Drivers/STM32F1xx_HAL_Driver/Src/stm32f1xx_hal_gpio.o
                                      0x72054 (size before relaxing)
 .debug_str     0x00000000000731ff      0x368 Drivers/STM32F1xx_HAL_Driver/Src/stm32f1xx_hal_rcc.o
                                      0x720a9 (size before relaxing)
 .debug_str     0x0000000000073567      0x110 Drivers/STM32F1xx_HAL_Driver/Src/stm32f1xx_hal_rcc_ex.o
                                      0x71e35 (size before relaxing)
 .debug_str     0x0000000000073677      0xf05 Drivers/STM32F1xx_HAL_Driver/Src/stm32f1xx_hal_tim.o
                                      0x72da9 (size before relaxing)
 .debug_str     0x000000000007457c      0x4f1 Drivers/STM32F1xx_HAL_Driver/Src/stm32f1xx_hal_tim_ex.o
                                      0x7264b (size before relaxing)
 .debug_str     0x0000000000074a6d     0x5d54 Middlewares/Third_Party/FreeRTOS/Source/CMSIS_RTOS/cmsis_os.o
                                       0xce26 (size before relaxing)
 .debug_str     0x000000000007a7c1      0x234 Middlewares/Third_Party/FreeRTOS/Source/list.o
                                       0xa066 (size before relaxing)
 .debug_str     0x000000000007a9f5     0x10b7 Middlewares/Third_Party/FreeRTOS/Source/tasks.o
                                       0xc149 (size before relaxing)
 .debug_str     0x000000000007baac      0x666 Middlewares/Third_Party/FreeRTOS/Source/portable/GCC/ARM_CM3/port.o
                                       0x7c7c (size before relaxing)
 .debug_str     0x000000000007c112      0x243 Middlewares/Third_Party/FreeRTOS/Source/portable/MemMang/heap_4.o
                                       0xa7a6 (size before relaxing)
 .debug_str     0x000000000007c355      0x555 Src/NOKIA5110_fb.o
                                      0x7229a (size before relaxing)
 .debug_str     0x000000000007c8aa       0x27 Src/atraso.o
                                       0x3c76 (size before relaxing)
 .debug_str     0x000000000007c8d1      0x211 Src/main.o
                                      0x780f6 (size before relaxing)
 .debug_str     0x000000000007cae2       0x1b Src/stm32f1xx_hal_msp.o
                                      0x72384 (size before relaxing)
 .debug_str     0x000000000007cafd       0x61 Src/stm32f1xx_hal_timebase_TIM.o
                                      0x7246e (size before relaxing)
 .debug_str     0x000000000007cb5e       0xc6 Src/stm32f1xx_it.o
                                      0x773ec (size before relaxing)
 .debug_str     0x000000000007cc24       0x69 Src/system_stm32f1xx.o
                                      0x71cff (size before relaxing)
 .debug_str     0x000000000007cc8d       0x2f startup/startup_stm32f103xb.o
                                         0x83 (size before relaxing)

.comment        0x0000000000000000       0x7b
 .comment       0x0000000000000000       0x7b Drivers/STM32F1xx_HAL_Driver/Src/stm32f1xx_hal.o
                                         0x7c (size before relaxing)
 .comment       0x000000000000007b       0x7c Drivers/STM32F1xx_HAL_Driver/Src/stm32f1xx_hal_adc.o
 .comment       0x000000000000007b       0x7c Drivers/STM32F1xx_HAL_Driver/Src/stm32f1xx_hal_adc_ex.o
 .comment       0x000000000000007b       0x7c Drivers/STM32F1xx_HAL_Driver/Src/stm32f1xx_hal_cortex.o
 .comment       0x000000000000007b       0x7c Drivers/STM32F1xx_HAL_Driver/Src/stm32f1xx_hal_dma.o
 .comment       0x000000000000007b       0x7c Drivers/STM32F1xx_HAL_Driver/Src/stm32f1xx_hal_gpio.o
 .comment       0x000000000000007b       0x7c Drivers/STM32F1xx_HAL_Driver/Src/stm32f1xx_hal_rcc.o
 .comment       0x000000000000007b       0x7c Drivers/STM32F1xx_HAL_Driver/Src/stm32f1xx_hal_rcc_ex.o
 .comment       0x000000000000007b       0x7c Drivers/STM32F1xx_HAL_Driver/Src/stm32f1xx_hal_tim.o
 .comment       0x000000000000007b       0x7c Drivers/STM32F1xx_HAL_Driver/Src/stm32f1xx_hal_tim_ex.o
 .comment       0x000000000000007b       0x7c Middlewares/Third_Party/FreeRTOS/Source/CMSIS_RTOS/cmsis_os.o
 .comment       0x000000000000007b       0x7c Middlewares/Third_Party/FreeRTOS/Source/list.o
 .comment       0x000000000000007b       0x7c Middlewares/Third_Party/FreeRTOS/Source/tasks.o
 .comment       0x000000000000007b       0x7c Middlewares/Third_Party/FreeRTOS/Source/portable/GCC/ARM_CM3/port.o
 .comment       0x000000000000007b       0x7c Middlewares/Third_Party/FreeRTOS/Source/portable/MemMang/heap_4.o
 .comment       0x000000000000007b       0x7c Src/NOKIA5110_fb.o
 .comment       0x000000000000007b       0x7c Src/atraso.o
 .comment       0x000000000000007b       0x7c Src/main.o
 .comment       0x000000000000007b       0x7c Src/stm32f1xx_hal_msp.o
 .comment       0x000000000000007b       0x7c Src/stm32f1xx_hal_timebase_TIM.o
 .comment       0x000000000000007b       0x7c Src/stm32f1xx_it.o
 .comment       0x000000000000007b       0x7c Src/system_stm32f1xx.o

.debug_frame    0x0000000000000000     0x26bc
 .debug_frame   0x0000000000000000      0x1b0 Drivers/STM32F1xx_HAL_Driver/Src/stm32f1xx_hal.o
 .debug_frame   0x00000000000001b0      0x298 Drivers/STM32F1xx_HAL_Driver/Src/stm32f1xx_hal_adc.o
 .debug_frame   0x0000000000000448      0x170 Drivers/STM32F1xx_HAL_Driver/Src/stm32f1xx_hal_adc_ex.o
 .debug_frame   0x00000000000005b8      0x120 Drivers/STM32F1xx_HAL_Driver/Src/stm32f1xx_hal_cortex.o
 .debug_frame   0x00000000000006d8      0x144 Drivers/STM32F1xx_HAL_Driver/Src/stm32f1xx_hal_dma.o
 .debug_frame   0x000000000000081c       0xd4 Drivers/STM32F1xx_HAL_Driver/Src/stm32f1xx_hal_gpio.o
 .debug_frame   0x00000000000008f0      0x150 Drivers/STM32F1xx_HAL_Driver/Src/stm32f1xx_hal_rcc.o
 .debug_frame   0x0000000000000a40       0x6c Drivers/STM32F1xx_HAL_Driver/Src/stm32f1xx_hal_rcc_ex.o
 .debug_frame   0x0000000000000aac      0x854 Drivers/STM32F1xx_HAL_Driver/Src/stm32f1xx_hal_tim.o
 .debug_frame   0x0000000000001300      0x320 Drivers/STM32F1xx_HAL_Driver/Src/stm32f1xx_hal_tim_ex.o
 .debug_frame   0x0000000000001620      0x4d4 Middlewares/Third_Party/FreeRTOS/Source/CMSIS_RTOS/cmsis_os.o
 .debug_frame   0x0000000000001af4       0x6c Middlewares/Third_Party/FreeRTOS/Source/list.o
 .debug_frame   0x0000000000001b60      0x494 Middlewares/Third_Party/FreeRTOS/Source/tasks.o
 .debug_frame   0x0000000000001ff4       0xe0 Middlewares/Third_Party/FreeRTOS/Source/portable/GCC/ARM_CM3/port.o
 .debug_frame   0x00000000000020d4       0x98 Middlewares/Third_Party/FreeRTOS/Source/portable/MemMang/heap_4.o
 .debug_frame   0x000000000000216c      0x278 Src/NOKIA5110_fb.o
 .debug_frame   0x00000000000023e4       0x40 Src/atraso.o
 .debug_frame   0x0000000000002424       0xd0 Src/main.o
 .debug_frame   0x00000000000024f4       0x6c Src/stm32f1xx_hal_msp.o
 .debug_frame   0x0000000000002560       0x50 Src/stm32f1xx_hal_timebase_TIM.o
 .debug_frame   0x00000000000025b0       0xb0 Src/stm32f1xx_it.o
 .debug_frame   0x0000000000002660       0x30 Src/system_stm32f1xx.o
 .debug_frame   0x0000000000002690       0x2c c:/st/stm32cubeide_1.4.0/stm32cubeide/plugins/com.st.stm32cube.ide.mcu.externaltools.gnu-tools-for-stm32.7-2018-q2-update.win32_1.4.0.202007081208/tools/bin/../lib/gcc/arm-none-eabi/7.3.1/../../../../arm-none-eabi/lib/thumb/v7-m\libc_nano.a(lib_a-init.o)
